Component: ARM Compiler 5.06 update 7 (build 960) Tool: armlink [4d3601]

==============================================================================

Section Cross References

    startup_stm32f405xx.o(STACK) refers (Special) to heapauxi.o(.text) for __use_two_region_memory
    startup_stm32f405xx.o(HEAP) refers (Special) to heapauxi.o(.text) for __use_two_region_memory
    startup_stm32f405xx.o(RESET) refers (Special) to heapauxi.o(.text) for __use_two_region_memory
    startup_stm32f405xx.o(RESET) refers to startup_stm32f405xx.o(STACK) for __initial_sp
    startup_stm32f405xx.o(RESET) refers to startup_stm32f405xx.o(.text) for Reset_Handler
    startup_stm32f405xx.o(RESET) refers to stm32f4xx_it.o(i.NMI_Handler) for NMI_Handler
    startup_stm32f405xx.o(RESET) refers to stm32f4xx_it.o(i.HardFault_Handler) for HardFault_Handler
    startup_stm32f405xx.o(RESET) refers to stm32f4xx_it.o(i.MemManage_Handler) for MemManage_Handler
    startup_stm32f405xx.o(RESET) refers to stm32f4xx_it.o(i.BusFault_Handler) for BusFault_Handler
    startup_stm32f405xx.o(RESET) refers to stm32f4xx_it.o(i.UsageFault_Handler) for UsageFault_Handler
    startup_stm32f405xx.o(RESET) refers to stm32f4xx_it.o(i.SVC_Handler) for SVC_Handler
    startup_stm32f405xx.o(RESET) refers to stm32f4xx_it.o(i.DebugMon_Handler) for DebugMon_Handler
    startup_stm32f405xx.o(RESET) refers to stm32f4xx_it.o(i.PendSV_Handler) for PendSV_Handler
    startup_stm32f405xx.o(RESET) refers to stm32f4xx_it.o(i.SysTick_Handler) for SysTick_Handler
    startup_stm32f405xx.o(RESET) refers to stm32f4xx_it.o(i.EXTI0_IRQHandler) for EXTI0_IRQHandler
    startup_stm32f405xx.o(RESET) refers to stm32f4xx_it.o(i.EXTI1_IRQHandler) for EXTI1_IRQHandler
    startup_stm32f405xx.o(RESET) refers to stm32f4xx_it.o(i.TIM3_IRQHandler) for TIM3_IRQHandler
    startup_stm32f405xx.o(RESET) refers to stm32f4xx_it.o(i.SPI2_IRQHandler) for SPI2_IRQHandler
    startup_stm32f405xx.o(RESET) refers to stm32f4xx_it.o(i.USART1_IRQHandler) for USART1_IRQHandler
    startup_stm32f405xx.o(RESET) refers to stm32f4xx_it.o(i.TIM7_IRQHandler) for TIM7_IRQHandler
    startup_stm32f405xx.o(RESET) refers to stm32f4xx_it.o(i.DMA2_Stream2_IRQHandler) for DMA2_Stream2_IRQHandler
    startup_stm32f405xx.o(RESET) refers to stm32f4xx_it.o(i.DMA2_Stream7_IRQHandler) for DMA2_Stream7_IRQHandler
    startup_stm32f405xx.o(.text) refers (Special) to heapauxi.o(.text) for __use_two_region_memory
    startup_stm32f405xx.o(.text) refers to system_stm32f4xx.o(i.SystemInit) for SystemInit
    startup_stm32f405xx.o(.text) refers to __main.o(!!!main) for __main
    startup_stm32f405xx.o(.text) refers to startup_stm32f405xx.o(HEAP) for Heap_Mem
    startup_stm32f405xx.o(.text) refers to startup_stm32f405xx.o(STACK) for Stack_Mem
    main.o(i.Check) refers to main.o(.data) for .data
    main.o(i.HAL_GPIO_EXTI_Callback) refers to main.o(.data) for .data
    main.o(i.HAL_TIM_PeriodElapsedCallback) refers to stm32f4xx_hal_gpio.o(i.HAL_GPIO_TogglePin) for HAL_GPIO_TogglePin
    main.o(i.HAL_TIM_PeriodElapsedCallback) refers to main.o(i.PID_Calcu) for PID_Calcu
    main.o(i.HAL_TIM_PeriodElapsedCallback) refers to dflt_clz.o(x$fpl$dflt) for __aeabi_i2d
    main.o(i.HAL_TIM_PeriodElapsedCallback) refers to daddsub_clz.o(x$fpl$dadd) for __aeabi_dadd
    main.o(i.HAL_TIM_PeriodElapsedCallback) refers to dfix.o(x$fpl$dfix) for __aeabi_d2iz
    main.o(i.HAL_TIM_PeriodElapsedCallback) refers to ina226.o(i.INA226_getBusV) for INA226_getBusV
    main.o(i.HAL_TIM_PeriodElapsedCallback) refers to ina226.o(i.INA226_getCurrent) for INA226_getCurrent
    main.o(i.HAL_TIM_PeriodElapsedCallback) refers to tim.o(.bss) for htim3
    main.o(i.HAL_TIM_PeriodElapsedCallback) refers to main.o(.data) for .data
    main.o(i.HAL_TIM_PeriodElapsedCallback) refers to i2c.o(.bss) for hi2c1
    main.o(i.PID_Calcu) refers to f2d.o(x$fpl$f2d) for __aeabi_f2d
    main.o(i.PID_Calcu) refers to main.o(.data) for .data
    main.o(i.SystemClock_Config) refers to rt_memclr_w.o(.text) for __aeabi_memclr4
    main.o(i.SystemClock_Config) refers to stm32f4xx_hal_rcc.o(i.HAL_RCC_OscConfig) for HAL_RCC_OscConfig
    main.o(i.SystemClock_Config) refers to stm32f4xx_hal_rcc.o(i.HAL_RCC_ClockConfig) for HAL_RCC_ClockConfig
    main.o(i.main) refers to stm32f4xx_hal.o(i.HAL_Init) for HAL_Init
    main.o(i.main) refers to main.o(i.SystemClock_Config) for SystemClock_Config
    main.o(i.main) refers to gpio.o(i.MX_GPIO_Init) for MX_GPIO_Init
    main.o(i.main) refers to dma.o(i.MX_DMA_Init) for MX_DMA_Init
    main.o(i.main) refers to i2c.o(i.MX_I2C1_Init) for MX_I2C1_Init
    main.o(i.main) refers to spi.o(i.MX_SPI2_Init) for MX_SPI2_Init
    main.o(i.main) refers to usart.o(i.MX_USART1_UART_Init) for MX_USART1_UART_Init
    main.o(i.main) refers to tim.o(i.MX_TIM1_Init) for MX_TIM1_Init
    main.o(i.main) refers to tim.o(i.MX_TIM2_Init) for MX_TIM2_Init
    main.o(i.main) refers to tim.o(i.MX_TIM3_Init) for MX_TIM3_Init
[...]
    i.HAL_GPIO_ReadPin                       0x08000ad4   Section        0  stm32f4xx_hal_gpio.o(i.HAL_GPIO_ReadPin)
    i.HAL_GPIO_TogglePin                     0x08000ade   Section        0  stm32f4xx_hal_gpio.o(i.HAL_GPIO_TogglePin)
    i.HAL_GPIO_WritePin                      0x08000aee   Section        0  stm32f4xx_hal_gpio.o(i.HAL_GPIO_WritePin)
    i.HAL_GetTick                            0x08000af8   Section        0  stm32f4xx_hal.o(i.HAL_GetTick)
    i.HAL_I2C_Init                           0x08000b04   Section        0  stm32f4xx_hal_i2c.o(i.HAL_I2C_Init)
    i.HAL_I2C_Master_Receive                 0x08000c8c   Section        0  stm32f4xx_hal_i2c.o(i.HAL_I2C_Master_Receive)
    i.HAL_I2C_Master_Transmit                0x08000e6c   Section        0  stm32f4xx_hal_i2c.o(i.HAL_I2C_Master_Transmit)
    i.HAL_I2C_MspInit                        0x08000f98   Section        0  i2c.o(i.HAL_I2C_MspInit)
    i.HAL_IncTick                            0x08001004   Section        0  stm32f4xx_hal.o(i.HAL_IncTick)
    i.HAL_Init                               0x08001014   Section        0  stm32f4xx_hal.o(i.HAL_Init)
    i.HAL_InitTick                           0x08001048   Section        0  stm32f4xx_hal.o(i.HAL_InitTick)
    i.HAL_MspInit                            0x08001088   Section        0  stm32f4xx_hal_msp.o(i.HAL_MspInit)
    i.HAL_NVIC_EnableIRQ                     0x080010b8   Section        0  stm32f4xx_hal_cortex.o(i.HAL_NVIC_EnableIRQ)
    i.HAL_NVIC_SetPriority                   0x080010d4   Section        0  stm32f4xx_hal_cortex.o(i.HAL_NVIC_SetPriority)
    i.HAL_NVIC_SetPriorityGrouping           0x08001114   Section        0  stm32f4xx_hal_cortex.o(i.HAL_NVIC_SetPriorityGrouping)
    i.HAL_RCC_ClockConfig                    0x08001138   Section        0  stm32f4xx_hal_rcc.o(i.HAL_RCC_ClockConfig)
    i.HAL_RCC_GetPCLK1Freq                   0x0800126c   Section        0  stm32f4xx_hal_rcc.o(i.HAL_RCC_GetPCLK1Freq)
    i.HAL_RCC_GetPCLK2Freq                   0x0800128c   Section        0  stm32f4xx_hal_rcc.o(i.HAL_RCC_GetPCLK2Freq)
    i.HAL_RCC_GetSysClockFreq                0x080012ac   Section        0  stm32f4xx_hal_rcc.o(i.HAL_RCC_GetSysClockFreq)
    i.HAL_RCC_OscConfig                      0x0800130c   Section        0  stm32f4xx_hal_rcc.o(i.HAL_RCC_OscConfig)
    i.HAL_SPI_ErrorCallback                  0x08001678   Section        0  stm32f4xx_hal_spi.o(i.HAL_SPI_ErrorCallback)
    i.HAL_SPI_IRQHandler                     0x0800167c   Section        0  stm32f4xx_hal_spi.o(i.HAL_SPI_IRQHandler)
    i.HAL_SPI_Init                           0x08001778   Section        0  stm32f4xx_hal_spi.o(i.HAL_SPI_Init)
    i.HAL_SPI_MspInit                        0x08001834   Section        0  spi.o(i.HAL_SPI_MspInit)
    i.HAL_SPI_Transmit                       0x080018b0   Section        0  stm32f4xx_hal_spi.o(i.HAL_SPI_Transmit)
    i.HAL_SYSTICK_Config                     0x08001a16   Section        0  stm32f4xx_hal_cortex.o(i.HAL_SYSTICK_Config)
    i.HAL_TIMEx_BreakCallback                0x08001a3e   Section        0  stm32f4xx_hal_tim_ex.o(i.HAL_TIMEx_BreakCallback)
    i.HAL_TIMEx_CommutCallback               0x08001a40   Section        0  stm32f4xx_hal_tim_ex.o(i.HAL_TIMEx_CommutCallback)
    i.HAL_TIMEx_ConfigBreakDeadTime          0x08001a42   Section        0  stm32f4xx_hal_tim_ex.o(i.HAL_TIMEx_ConfigBreakDeadTime)
    i.HAL_TIMEx_MasterConfigSynchronization  0x08001a98   Section        0  stm32f4xx_hal_tim_ex.o(i.HAL_TIMEx_MasterConfigSynchronization)
    i.HAL_TIMEx_PWMN_Start                   0x08001b28   Section        0  stm32f4xx_hal_tim_ex.o(i.HAL_TIMEx_PWMN_Start)
    i.HAL_TIM_Base_Init                      0x08001be8   Section        0  stm32f4xx_hal_tim.o(i.HAL_TIM_Base_Init)
    i.HAL_TIM_Base_MspInit                   0x08001c44   Section        0  tim.o(i.HAL_TIM_Base_MspInit)
    i.HAL_TIM_Base_Start                     0x08001ccc   Section        0  stm32f4xx_hal_tim.o(i.HAL_TIM_Base_Start)
    i.HAL_TIM_Base_Start_IT                  0x08001d44   Section        0  stm32f4xx_hal_tim.o(i.HAL_TIM_Base_Start_IT)
    i.HAL_TIM_ConfigClockSource              0x08001dc4   Section        0  stm32f4xx_hal_tim.o(i.HAL_TIM_ConfigClockSource)
    i.HAL_TIM_IC_CaptureCallback             0x08001ea0   Section        0  stm32f4xx_hal_tim.o(i.HAL_TIM_IC_CaptureCallback)
    i.HAL_TIM_IRQHandler                     0x08001ea2   Section        0  stm32f4xx_hal_tim.o(i.HAL_TIM_IRQHandler)
    i.HAL_TIM_MspPostInit                    0x08002008   Section        0  tim.o(i.HAL_TIM_MspPostInit)
    i.HAL_TIM_OC_DelayElapsedCallback        0x080020a8   Section        0  stm32f4xx_hal_tim.o(i.HAL_TIM_OC_DelayElapsedCallback)
    i.HAL_TIM_PWM_ConfigChannel              0x080020aa   Section        0  stm32f4xx_hal_tim.o(i.HAL_TIM_PWM_ConfigChannel)
    i.HAL_TIM_PWM_Init                       0x08002176   Section        0  stm32f4xx_hal_tim.o(i.HAL_TIM_PWM_Init)
    i.HAL_TIM_PWM_MspInit                    0x080021d0   Section        0  stm32f4xx_hal_tim.o(i.HAL_TIM_PWM_MspInit)
    i.HAL_TIM_PWM_PulseFinishedCallback      0x080021d2   Section        0  stm32f4xx_hal_tim.o(i.HAL_TIM_PWM_PulseFinishedCallback)
    i.HAL_TIM_PWM_Start                      0x080021d4   Section        0  stm32f4xx_hal_tim.o(i.HAL_TIM_PWM_Start)
    i.HAL_TIM_PeriodElapsedCallback          0x0800229c   Section        0  main.o(i.HAL_TIM_PeriodElapsedCallback)
    i.HAL_TIM_TriggerCallback                0x080023c8   Section        0  stm32f4xx_hal_tim.o(i.HAL_TIM_TriggerCallback)
    i.HAL_UARTEx_RxEventCallback             0x080023ca   Section        0  stm32f4xx_hal_uart.o(i.HAL_UARTEx_RxEventCallback)
    i.HAL_UART_DMAStop                       0x080023cc   Section        0  stm32f4xx_hal_uart.o(i.HAL_UART_DMAStop)
    i.HAL_UART_ErrorCallback                 0x0800243c   Section        0  stm32f4xx_hal_uart.o(i.HAL_UART_ErrorCallback)
    i.HAL_UART_IRQHandler                    0x08002440   Section        0  stm32f4xx_hal_uart.o(i.HAL_UART_IRQHandler)
    i.HAL_UART_Init                          0x080026a8   Section        0  stm32f4xx_hal_uart.o(i.HAL_UART_Init)
    i.HAL_UART_MspInit                       0x0800270c   Section        0  usart.o(i.HAL_UART_MspInit)
    i.HAL_UART_Receive_DMA                   0x080027f0   Section        0  stm32f4xx_hal_uart.o(i.HAL_UART_Receive_DMA)
    i.HAL_UART_RxCpltCallback                0x0800281a   Section        0  stm32f4xx_hal_uart.o(i.HAL_UART_RxCpltCallback)
    i.HAL_UART_RxHalfCpltCallback            0x0800281c   Section        0  stm32f4xx_hal_uart.o(i.HAL_UART_RxHalfCpltCallback)
    i.HAL_UART_Transmit_DMA                  0x08002820   Section        0  stm32f4xx_hal_uart.o(i.HAL_UART_Transmit_DMA)
    i.HAL_UART_TxCpltCallback                0x080028ac   Section        0  stm32f4xx_hal_uart.o(i.HAL_UART_TxCpltCallback)
    i.HAL_UART_TxHalfCpltCallback            0x080028ae   Section        0  stm32f4xx_hal_uart.o(i.HAL_UART_TxHalfCpltCallback)
    i.HardFault_Handler                      0x080028b0   Section        0  stm32f4xx_it.o(i.HardFault_Handler)
    i.I2C_IsAcknowledgeFailed                0x080028b2   Section        0  stm32f4xx_hal_i2c.o(i.I2C_IsAcknowledgeFailed)
    I2C_IsAcknowledgeFailed                  0x080028b3   Thumb Code    46  stm32f4xx_hal_i2c.o(i.I2C_IsAcknowledgeFailed)
    i.I2C_MasterRequestRead                  0x080028e0   Section        0  stm32f4xx_hal_i2c.o(i.I2C_MasterRequestRead)
    I2C_MasterRequestRead                    0x080028e1   Thumb Code   230  stm32f4xx_hal_i2c.o(i.I2C_MasterRequestRead)
    i.I2C_MasterRequestWrite                 0x080029cc   Section        0  stm32f4xx_hal_i2c.o(i.I2C_MasterRequestWrite)
    I2C_MasterRequestWrite                   0x080029cd   Thumb Code   150  stm32f4xx_hal_i2c.o(i.I2C_MasterRequestWrite)
    i.I2C_WaitOnBTFFlagUntilTimeout          0x08002a68   Section        0  stm32f4xx_hal_i2c.o(i.I2C_WaitOnBTFFlagUntilTimeout)
    I2C_WaitOnBTFFlagUntilTimeout            0x08002a69   Thumb Code    76  stm32f4xx_hal_i2c.o(i.I2C_WaitOnBTFFlagUntilTimeout)
    i.I2C_WaitOnFlagUntilTimeout             0x08002ab4   Section        0  stm32f4xx_hal_i2c.o(i.I2C_WaitOnFlagUntilTimeout)
    I2C_WaitOnFlagUntilTimeout               0x08002ab5   Thumb Code   104  stm32f4xx_hal_i2c.o(i.I2C_WaitOnFlagUntilTimeout)
    i.I2C_WaitOnMasterAddressFlagUntilTimeout 0x08002b1c   Section        0  stm32f4xx_hal_i2c.o(i.I2C_WaitOnMasterAddressFlagUntilTimeout)
    I2C_WaitOnMasterAddressFlagUntilTimeout  0x08002b1d   Thumb Code   150  stm32f4xx_hal_i2c.o(i.I2C_WaitOnMasterAddressFlagUntilTimeout)
    i.I2C_WaitOnRXNEFlagUntilTimeout         0x08002bb2   Section        0  stm32f4xx_hal_i2c.o(i.I2C_WaitOnRXNEFlagUntilTimeout)
    I2C_WaitOnRXNEFlagUntilTimeout           0x08002bb3   Thumb Code   102  stm32f4xx_hal_i2c.o(i.I2C_WaitOnRXNEFlagUntilTimeout)
    i.I2C_WaitOnTXEFlagUntilTimeout          0x08002c18   Section        0  stm32f4xx_hal_i2c.o(i.I2C_WaitOnTXEFlagUntilTimeout)
    I2C_WaitOnTXEFlagUntilTimeout            0x08002c19   Thumb Code    76  stm32f4xx_hal_i2c.o(i.I2C_WaitOnTXEFlagUntilTimeout)
    i.INA226_getBusV                         0x08002c64   Section        0  ina226.o(i.INA226_getBusV)
    i.INA226_getBusVReg                      0x08002c74   Section        0  ina226.o(i.INA226_getBusVReg)
    i.INA226_getCurrent                      0x08002cb0   Section        0  ina226.o(i.INA226_getCurrent)
    i.INA226_getCurrentReg                   0x08002cc8   Section        0  ina226.o(i.INA226_getCurrentReg)
    i.INA226_setCalibrationReg               0x08002d04   Section        0  ina226.o(i.INA226_setCalibrationReg)
    i.INA226_setConfig                       0x08002d24   Section        0  ina226.o(i.INA226_setConfig)
    i.MX_DMA_Init                            0x08002d44   Section        0  dma.o(i.MX_DMA_Init)
    i.MX_GPIO_Init                           0x08002d80   Section        0  gpio.o(i.MX_GPIO_Init)
    i.MX_I2C1_Init                           0x08002e90   Section        0  i2c.o(i.MX_I2C1_Init)
    i.MX_SPI2_Init                           0x08002ed0   Section        0  spi.o(i.MX_SPI2_Init)
    i.MX_TIM1_Init                           0x08002f14   Section        0  tim.o(i.MX_TIM1_Init)
    i.MX_TIM2_Init                           0x08002ff0   Section        0  tim.o(i.MX_TIM2_Init)
    i.MX_TIM3_Init                           0x08003088   Section        0  tim.o(i.MX_TIM3_Init)
    i.MX_TIM7_Init                           0x080030f0   Section        0  tim.o(i.MX_TIM7_Init)
    i.MX_USART1_UART_Init                    0x08003138   Section        0  usart.o(i.MX_USART1_UART_Init)
    i.MemManage_Handler                      0x08003170   Section        0  stm32f4xx_it.o(i.MemManage_Handler)
    i.NMI_Handler                            0x08003172   Section        0  stm32f4xx_it.o(i.NMI_Handler)
    i.OLED_Clear                             0x08003174   Section        0  oled.o(i.OLED_Clear)
    i.OLED_DrawPoint                         0x080031a0   Section        0  oled.o(i.OLED_DrawPoint)
    i.OLED_Init                              0x080031cc   Section        0  oled.o(i.OLED_Init)
    i.OLED_Pow                               0x080032b6   Section        0  oled.o(i.OLED_Pow)
    i.OLED_Refresh                           0x080032c8   Section        0  oled.o(i.OLED_Refresh)
    i.OLED_ShowChar                          0x08003314   Section        0  oled.o(i.OLED_ShowChar)
    i.OLED_ShowNum                           0x080033f8   Section        0  oled.o(i.OLED_ShowNum)
    i.OLED_ShowString                        0x08003466   Section        0  oled.o(i.OLED_ShowString)
    i.OLED_WR_Byte                           0x080034a4   Section        0  oled.o(i.OLED_WR_Byte)
    i.PID_Calcu                              0x080034f4   Section        0  main.o(i.PID_Calcu)
    i.PendSV_Handler                         0x0800356c   Section        0  stm32f4xx_it.o(i.PendSV_Handler)
    i.SPI2_IRQHandler                        0x08003570   Section        0  stm32f4xx_it.o(i.SPI2_IRQHandler)
    i.SPI_DMAAbortOnError                    0x0800357c   Section        0  stm32f4xx_hal_spi.o(i.SPI_DMAAbortOnError)
    SPI_DMAAbortOnError                      0x0800357d   Thumb Code    16  stm32f4xx_hal_spi.o(i.SPI_DMAAbortOnError)
    i.SPI_EndRxTxTransaction                 0x0800358c   Section        0  stm32f4xx_hal_spi.o(i.SPI_EndRxTxTransaction)
    SPI_EndRxTxTransaction                   0x0800358d   Thumb Code    80  stm32f4xx_hal_spi.o(i.SPI_EndRxTxTransaction)
    i.SPI_WaitFlagStateUntilTimeout          0x080035e4   Section        0  stm32f4xx_hal_spi.o(i.SPI_WaitFlagStateUntilTimeout)
    SPI_WaitFlagStateUntilTimeout            0x080035e5   Thumb Code   180  stm32f4xx_hal_spi.o(i.SPI_WaitFlagStateUntilTimeout)
    i.SVC_Handler                            0x0800369c   Section        0  stm32f4xx_it.o(i.SVC_Handler)
    i.SysTick_Handler                        0x0800369e   Section        0  stm32f4xx_it.o(i.SysTick_Handler)
    i.SystemClock_Config                     0x080036a4   Section        0  main.o(i.SystemClock_Config)
    i.SystemInit                             0x08003738   Section        0  system_stm32f4xx.o(i.SystemInit)
    i.TIM3_IRQHandler                        0x08003748   Section        0  stm32f4xx_it.o(i.TIM3_IRQHandler)
    i.TIM7_IRQHandler                        0x08003754   Section        0  stm32f4xx_it.o(i.TIM7_IRQHandler)
    i.TIM_Base_SetConfig                     0x08003760   Section        0  stm32f4xx_hal_tim.o(i.TIM_Base_SetConfig)
    i.TIM_CCxChannelCmd                      0x08003828   Section        0  stm32f4xx_hal_tim.o(i.TIM_CCxChannelCmd)
    i.TIM_CCxNChannelCmd                     0x08003842   Section        0  stm32f4xx_hal_tim_ex.o(i.TIM_CCxNChannelCmd)
    TIM_CCxNChannelCmd                       0x08003843   Thumb Code    26  stm32f4xx_hal_tim_ex.o(i.TIM_CCxNChannelCmd)
    i.TIM_ETR_SetConfig                      0x0800385c   Section        0  stm32f4xx_hal_tim.o(i.TIM_ETR_SetConfig)
    i.TIM_ITRx_SetConfig                     0x08003870   Section        0  stm32f4xx_hal_tim.o(i.TIM_ITRx_SetConfig)
    TIM_ITRx_SetConfig                       0x08003871   Thumb Code    16  stm32f4xx_hal_tim.o(i.TIM_ITRx_SetConfig)
    i.TIM_OC1_SetConfig                      0x08003880   Section        0  stm32f4xx_hal_tim.o(i.TIM_OC1_SetConfig)
    TIM_OC1_SetConfig                        0x08003881   Thumb Code    88  stm32f4xx_hal_tim.o(i.TIM_OC1_SetConfig)
    i.TIM_OC2_SetConfig                      0x080038e0   Section        0  stm32f4xx_hal_tim.o(i.TIM_OC2_SetConfig)
    i.TIM_OC3_SetConfig                      0x0800394c   Section        0  stm32f4xx_hal_tim.o(i.TIM_OC3_SetConfig)
    TIM_OC3_SetConfig                        0x0800394d   Thumb Code    96  stm32f4xx_hal_tim.o(i.TIM_OC3_SetConfig)
    i.TIM_OC4_SetConfig                      0x080039b4   Section        0  stm32f4xx_hal_tim.o(i.TIM_OC4_SetConfig)
    TIM_OC4_SetConfig                        0x080039b5   Thumb Code    70  stm32f4xx_hal_tim.o(i.TIM_OC4_SetConfig)
    i.TIM_TI1_ConfigInputStage               0x08003a04   Section        0  stm32f4xx_hal_tim.o(i.TIM_TI1_ConfigInputStage)
    TIM_TI1_ConfigInputStage                 0x08003a05   Thumb Code    34  stm32f4xx_hal_tim.o(i.TIM_TI1_ConfigInputStage)
    i.TIM_TI2_ConfigInputStage               0x08003a26   Section        0  stm32f4xx_hal_tim.o(i.TIM_TI2_ConfigInputStage)
    TIM_TI2_ConfigInputStage                 0x08003a27   Thumb Code    36  stm32f4xx_hal_tim.o(i.TIM_TI2_ConfigInputStage)
    i.UART_DMAAbortOnError                   0x08003a4a   Section        0  stm32f4xx_hal_uart.o(i.UART_DMAAbortOnError)
    UART_DMAAbortOnError                     0x08003a4b   Thumb Code    16  stm32f4xx_hal_uart.o(i.UART_DMAAbortOnError)
    i.UART_DMAError                          0x08003a5a   Section        0  stm32f4xx_hal_uart.o(i.UART_DMAError)
    UART_DMAError                            0x08003a5b   Thumb Code    74  stm32f4xx_hal_uart.o(i.UART_DMAError)
    i.UART_DMAReceiveCplt                    0x08003aa4   Section        0  stm32f4xx_hal_uart.o(i.UART_DMAReceiveCplt)
    UART_DMAReceiveCplt                      0x08003aa5   Thumb Code   130  stm32f4xx_hal_uart.o(i.UART_DMAReceiveCplt)
    i.UART_DMARxHalfCplt                     0x08003b26   Section        0  stm32f4xx_hal_uart.o(i.UART_DMARxHalfCplt)
    UART_DMARxHalfCplt                       0x08003b27   Thumb Code    26  stm32f4xx_hal_uart.o(i.UART_DMARxHalfCplt)
    i.UART_DMATransmitCplt                   0x08003b40   Section        0  stm32f4xx_hal_uart.o(i.UART_DMATransmitCplt)
    UART_DMATransmitCplt                     0x08003b41   Thumb Code    66  stm32f4xx_hal_uart.o(i.UART_DMATransmitCplt)
    i.UART_DMATxHalfCplt                     0x08003b82   Section        0  stm32f4xx_hal_uart.o(i.UART_DMATxHalfCplt)
    UART_DMATxHalfCplt                       0x08003b83   Thumb Code    10  stm32f4xx_hal_uart.o(i.UART_DMATxHalfCplt)
    i.UART_EndRxTransfer                     0x08003b8c   Section        0  stm32f4xx_hal_uart.o(i.UART_EndRxTransfer)
    UART_EndRxTransfer                       0x08003b8d   Thumb Code    78  stm32f4xx_hal_uart.o(i.UART_EndRxTransfer)
    i.UART_EndTxTransfer                     0x08003bda   Section        0  stm32f4xx_hal_uart.o(i.UART_EndTxTransfer)
    UART_EndTxTransfer                       0x08003bdb   Thumb Code    28  stm32f4xx_hal_uart.o(i.UART_EndTxTransfer)
    i.UART_Receive_IT                        0x08003bf6   Section        0  stm32f4xx_hal_uart.o(i.UART_Receive_IT)
    UART_Receive_IT                          0x08003bf7   Thumb Code   192  stm32f4xx_hal_uart.o(i.UART_Receive_IT)
    i.UART_SetConfig                         0x08003cb8   Section        0  stm32f4xx_hal_uart.o(i.UART_SetConfig)
    UART_SetConfig                           0x08003cb9   Thumb Code   258  stm32f4xx_hal_uart.o(i.UART_SetConfig)
    i.UART_Start_Receive_DMA                 0x08003dc4   Section        0  stm32f4xx_hal_uart.o(i.UART_Start_Receive_DMA)
    i.USART1_IRQHandler                      0x08003e58   Section        0  stm32f4xx_it.o(i.USART1_IRQHandler)
    i.UsageFault_Handler                     0x08003e98   Section        0  stm32f4xx_it.o(i.UsageFault_Handler)
    i.__NVIC_SetPriority                     0x08003e9a   Section        0  stm32f4xx_hal_cortex.o(i.__NVIC_SetPriority)
    __NVIC_SetPriority                       0x08003e9b   Thumb Code    32  stm32f4xx_hal_cortex.o(i.__NVIC_SetPriority)
    i.main                                   0x08003ebc   Section        0  main.o(i.main)
    x$fpl$dadd                               0x080040b8   Section      336  daddsub_clz.o(x$fpl$dadd)
    $v0                                      0x080040b8   Number         0  daddsub_clz.o(x$fpl$dadd)
    _dadd1                                   0x080040c9   Thumb Code     0  daddsub_clz.o(x$fpl$dadd)
    x$fpl$dfix                               0x08004208   Section       94  dfix.o(x$fpl$dfix)
    $v0                                      0x08004208   Number         0  dfix.o(x$fpl$dfix)
    x$fpl$dflt                               0x08004266   Section       46  dflt_clz.o(x$fpl$dflt)
    $v0                                      0x08004266   Number         0  dflt_clz.o(x$fpl$dflt)
    x$fpl$dnaninf                            0x08004294   Section      156  dnaninf.o(x$fpl$dnaninf)
    $v0                                      0x08004294   Number         0  dnaninf.o(x$fpl$dnaninf)
    x$fpl$dretinf                            0x08004330   Section       12  dretinf.o(x$fpl$dretinf)
    $v0                                      0x08004330   Number         0  dretinf.o(x$fpl$dretinf)
    x$fpl$dsub                               0x0800433c   Section      468  daddsub_clz.o(x$fpl$dsub)
    $v0                                      0x0800433c   Number         0  daddsub_clz.o(x$fpl$dsub)
    _dsub1                                   0x0800434d   Thumb Code     0  daddsub_clz.o(x$fpl$dsub)
    x$fpl$f2d                                0x08004510   Section       86  f2d.o(x$fpl$f2d)
    $v0                                      0x08004510   Number         0  f2d.o(x$fpl$f2d)
    x$fpl$fnaninf                            0x08004566   Section      140  fnaninf.o(x$fpl$fnaninf)
    $v0                                      0x08004566   Number         0  fnaninf.o(x$fpl$fnaninf)
    x$fpl$fpinit                             0x080045f2   Section       10  fpinit.o(x$fpl$fpinit)
    $v0                                      0x080045f2   Number         0  fpinit.o(x$fpl$fpinit)
    .constdata                               0x080045fc   Section        8  stm32f4xx_hal_dma.o(.constdata)
    x$fpl$usenofp                            0x080045fc   Section        0  usenofp.o(x$fpl$usenofp)
    flagBitshiftOffset                       0x080045fc   Data           8  stm32f4xx_hal_dma.o(.constdata)
    .constdata                               0x08004604   Section       16  system_stm32f4xx.o(.constdata)
    .constdata                               0x08004614   Section        8  system_stm32f4xx.o(.constdata)
    .constdata                               0x0800461c   Section     7696  oled.o(.constdata)
    .data                                    0x20000000   Section       88  main.o(.data)
    .data                                    0x20000058   Section       12  stm32f4xx_hal.o(.data)
    .data                                    0x20000064   Section        4  system_stm32f4xx.o(.data)
    .bss                                     0x20000068   Section       20  main.o(.bss)
    .bss                                     0x2000007c   Section       84  i2c.o(.bss)
    .bss                                     0x200000d0   Section       88  spi.o(.bss)
    .bss                                     0x20000128   Section      288  tim.o(.bss)
    .bss                                     0x20000248   Section      260  usart.o(.bss)
    .bss                                     0x2000034c   Section     1152  oled.o(.bss)
    .bss                                     0x200007cc   Section       96  libspace.o(.bss)
    HEAP                                     0x20000830   Section      512  startup_stm32f405xx.o(HEAP)
    Heap_Mem                                 0x20000830   Data         512  startup_stm32f405xx.o(HEAP)
    STACK                                    0x20000a30   Section     1024  startup_stm32f405xx.o(STACK)
    Stack_Mem                                0x20000a30   Data        1024  startup_stm32f405xx.o(STACK)
    __initial_sp                             0x20000e30   Data           0  startup_stm32f405xx.o(STACK)

    Global Symbols

    Symbol Name                              Value     Ov Type        Size  Object(Section)

    BuildAttributes$$THM_ISAv4$E$P$D$K$B$S$7EM$VFPi3$EXTD16$VFPS$VFMA$PE$A:L22UL41UL21$X:L11$S22US41US21$IEEE1$IW$USESV6$~STKCKD$USESV7$~SHL$OSPACE$ROPI$EBA8$UX$STANDARDLIB$REQ8$PRES8$EABIv2 0x00000000   Number         0  anon$$obj.o ABSOLUTE
    __ARM_use_no_argv                        0x00000000   Number         0  main.o ABSOLUTE
    __ARM_exceptions_init                     - Undefined Weak Reference
    __alloca_initialize                       - Undefined Weak Reference
    __arm_fini_                               - Undefined Weak Reference
    __arm_preinit_                            - Undefined Weak Reference
    __cpp_initialize__aeabi_                  - Undefined Weak Reference
    __cxa_finalize                            - Undefined Weak Reference
    __rt_locale                               - Undefined Weak Reference
    __sigvec_lookup                           - Undefined Weak Reference
    _atexit_init                              - Undefined Weak Reference
    _call_atexit_fns                          - Undefined Weak Reference
    _clock_init                               - Undefined Weak Reference
    _fp_trap_init                             - Undefined Weak Reference
    _fp_trap_shutdown                         - Undefined Weak Reference
    _get_lc_collate                           - Undefined Weak Reference
    _get_lc_ctype                             - Undefined Weak Reference
    _get_lc_monetary                          - Undefined Weak Reference
    _get_lc_numeric                           - Undefined Weak Reference
    _get_lc_time                              - Undefined Weak Reference
    _getenv_init                              - Undefined Weak Reference
    _handle_redirection                       - Undefined Weak Reference
    _init_alloc                               - Undefined Weak Reference
    _init_user_alloc                          - Undefined Weak Reference
    _initio                                   - Undefined Weak Reference
    _rand_init                                - Undefined Weak Reference
    _signal_finish                            - Undefined Weak Reference
    _signal_init                              - Undefined Weak Reference
    _terminate_alloc                          - Undefined Weak Reference
    _terminate_user_alloc                     - Undefined Weak Reference
    _terminateio                              - Undefined Weak Reference
    __Vectors_Size                           0x00000188   Number         0  startup_stm32f405xx.o ABSOLUTE
    __Vectors                                0x08000000   Data           4  startup_stm32f405xx.o(RESET)
    __Vectors_End                            0x08000188   Data           0  startup_stm32f405xx.o(RESET)
    __main                                   0x08000189   Thumb Code     8  __main.o(!!!main)
    __scatterload                            0x08000191   Thumb Code     0  __scatter.o(!!!scatter)
    __scatterload_rt2                        0x08000191   Thumb Code    44  __scatter.o(!!!scatter)
    __scatterload_rt2_thumb_only             0x08000191   Thumb Code     0  __scatter.o(!!!scatter)
    __scatterload_null                       0x0800019f   Thumb Code     0  __scatter.o(!!!scatter)
    __scatterload_copy                       0x080001c5   Thumb Code    26  __scatter_copy.o(!!handler_copy)
    __scatterload_zeroinit                   0x080001e1   Thumb Code    28  __scatter_zi.o(!!handler_zi)
    __rt_lib_init                            0x080001fd   Thumb Code     0  libinit.o(.ARM.Collect$$libinit$$00000000)
    __rt_lib_init_fp_1                       0x080001ff   Thumb Code     0  libinit2.o(.ARM.Collect$$libinit$$00000001)
    __rt_lib_init_alloca_1                   0x08000203   Thumb Code     0  libinit2.o(.ARM.Collect$$libinit$$0000002E)
    __rt_lib_init_argv_1                     0x08000203   Thumb Code     0  libinit2.o(.ARM.Collect$$libinit$$0000002C)
    __rt_lib_init_atexit_1                   0x08000203   Thumb Code     0  libinit2.o(.ARM.Collect$$libinit$$0000001B)
    __rt_lib_init_clock_1                    0x08000203   Thumb Code     0  libinit2.o(.ARM.Collect$$libinit$$00000021)
    __rt_lib_init_cpp_1                      0x08000203   Thumb Code     0  libinit2.o(.ARM.Collect$$libinit$$00000032)
    __rt_lib_init_exceptions_1               0x08000203   Thumb Code     0  libinit2.o(.ARM.Collect$$libinit$$00000030)
    __rt_lib_init_fp_trap_1                  0x08000203   Thumb Code     0  libinit2.o(.ARM.Collect$$libinit$$0000001F)
    __rt_lib_init_getenv_1                   0x08000203   Thumb Code     0  libinit2.o(.ARM.Collect$$libinit$$00000023)
    __rt_lib_init_heap_1                     0x08000203   Thumb Code     0  libinit2.o(.ARM.Collect$$libinit$$0000000A)
    __rt_lib_init_lc_collate_1               0x08000203   Thumb Code     0  libinit2.o(.ARM.Collect$$libinit$$00000011)
    __rt_lib_init_lc_ctype_1                 0x08000203   Thumb Code     0  libinit2.o(.ARM.Collect$$libinit$$00000013)
    __rt_lib_init_lc_monetary_1              0x08000203   Thumb Code     0  libinit2.o(.ARM.Collect$$libinit$$00000015)
    __rt_lib_init_lc_numeric_1               0x08000203   Thumb Code     0  libinit2.o(.ARM.Collect$$libinit$$00000017)
    __rt_lib_init_lc_time_1                  0x08000203   Thumb Code     0  libinit2.o(.ARM.Collect$$libinit$$00000019)
    __rt_lib_init_preinit_1                  0x08000203   Thumb Code     0  libinit2.o(.ARM.Collect$$libinit$$00000004)
    __rt_lib_init_rand_1                     0x08000203   Thumb Code     0  libinit2.o(.ARM.Collect$$libinit$$0000000E)
    __rt_lib_init_return                     0x08000203   Thumb Code     0  libinit2.o(.ARM.Collect$$libinit$$00000033)
    __rt_lib_init_signal_1                   0x08000203   Thumb Code     0  libinit2.o(.ARM.Collect$$libinit$$0000001D)
    __rt_lib_init_stdio_1                    0x08000203   Thumb Code     0  libinit2.o(.ARM.Collect$$libinit$$00000025)
    __rt_lib_init_user_alloc_1               0x08000203   Thumb Code     0  libinit2.o(.ARM.Collect$$libinit$$0000000C)
    __rt_lib_shutdown                        0x08000205   Thumb Code     0  libshutdown.o(.ARM.Collect$$libshutdown$$00000000)
    __rt_lib_shutdown_cpp_1                  0x08000207   Thumb Code     0  libshutdown2.o(.ARM.Collect$$libshutdown$$00000004)
    __rt_lib_shutdown_fini_1                 0x08000207   Thumb Code     0  libshutdown2.o(.ARM.Collect$$libshutdown$$00000002)
    __rt_lib_shutdown_fp_trap_1              0x08000207   Thumb Code     0  libshutdown2.o(.ARM.Collect$$libshutdown$$00000009)
    __rt_lib_shutdown_heap_1                 0x08000207   Thumb Code     0  libshutdown2.o(.ARM.Collect$$libshutdown$$00000011)
    __rt_lib_shutdown_return                 0x08000207   Thumb Code     0  libshutdown2.o(.ARM.Collect$$libshutdown$$00000012)
    __rt_lib_shutdown_signal_1               0x08000207   Thumb Code     0  libshutdown2.o(.ARM.Collect$$libshutdown$$0000000C)
    __rt_lib_shutdown_stdio_1                0x08000207   Thumb Code     0  libshutdown2.o(.ARM.Collect$$libshutdown$$00000006)
    __rt_lib_shutdown_user_alloc_1           0x08000207   Thumb Code     0  libshutdown2.o(.ARM.Collect$$libshutdown$$0000000E)
    __rt_entry                               0x08000209   Thumb Code     0  __rtentry.o(.ARM.Collect$$rtentry$$00000000)
    __rt_entry_presh_1                       0x08000209   Thumb Code     0  __rtentry2.o(.ARM.Collect$$rtentry$$00000002)
    __rt_entry_sh                            0x08000209   Thumb Code     0  __rtentry4.o(.ARM.Collect$$rtentry$$00000004)
    __rt_entry_li                            0x0800020f   Thumb Code     0  __rtentry2.o(.ARM.Collect$$rtentry$$0000000A)
    __rt_entry_postsh_1                      0x0800020f   Thumb Code     0  __rtentry2.o(.ARM.Collect$$rtentry$$00000009)
    __rt_entry_main                          0x08000213   Thumb Code     0  __rtentry2.o(.ARM.Collect$$rtentry$$0000000D)
    __rt_entry_postli_1                      0x08000213   Thumb Code     0  __rtentry2.o(.ARM.Collect$$rtentry$$0000000C)
    __rt_exit                                0x0800021b   Thumb Code     0  rtexit.o(.ARM.Collect$$rtexit$$00000000)
    __rt_exit_ls                             0x0800021d   Thumb Code     0  rtexit2.o(.ARM.Collect$$rtexit$$00000003)
    __rt_exit_prels_1                        0x0800021d   Thumb Code     0  rtexit2.o(.ARM.Collect$$rtexit$$00000002)
    __rt_exit_exit                           0x08000221   Thumb Code     0  rtexit2.o(.ARM.Collect$$rtexit$$00000004)
    Reset_Handler                            0x08000229   Thumb Code     8  startup_stm32f405xx.o(.text)
    ADC_IRQHandler                           0x08000243   Thumb Code     0  startup_stm32f405xx.o(.text)
    CAN1_RX0_IRQHandler                      0x08000243   Thumb Code     0  startup_stm32f405xx.o(.text)
    CAN1_RX1_IRQHandler                      0x08000243   Thumb Code     0  startup_stm32f405xx.o(.text)
    CAN1_SCE_IRQHandler                      0x08000243   Thumb Code     0  startup_stm32f405xx.o(.text)
    CAN1_TX_IRQHandler                       0x08000243   Thumb Code     0  startup_stm32f405xx.o(.text)
    CAN2_RX0_IRQHandler                      0x08000243   Thumb Code     0  startup_stm32f405xx.o(.text)
    CAN2_RX1_IRQHandler                      0x08000243   Thumb Code     0  startup_stm32f405xx.o(.text)
    CAN2_SCE_IRQHandler                      0x08000243   Thumb Code     0  startup_stm32f405xx.o(.text)
    CAN2_TX_IRQHandler                       0x08000243   Thumb Code     0  startup_stm32f405xx.o(.text)
    DMA1_Stream0_IRQHandler                  0x08000243   Thumb Code     0  startup_stm32f405xx.o(.text)
    DMA1_Stream1_IRQHandler                  0x08000243   Thumb Code     0  startup_stm32f405xx.o(.text)
    DMA1_Stream2_IRQHandler                  0x08000243   Thumb Code     0  startup_stm32f405xx.o(.text)
    DMA1_Stream3_IRQHandler                  0x08000243   Thumb Code     0  startup_stm32f405xx.o(.text)
    DMA1_Stream4_IRQHandler                  0x08000243   Thumb Code     0  startup_stm32f405xx.o(.text)
    DMA1_Stream5_IRQHandler                  0x08000243   Thumb Code     0  startup_stm32f405xx.o(.text)
    DMA1_Stream6_IRQHandler                  0x08000243   Thumb Code     0  startup_stm32f405xx.o(.text)
    DMA1_Stream7_IRQHandler                  0x08000243   Thumb Code     0  startup_stm32f405xx.o(.text)
    DMA2_Stream0_IRQHandler                  0x08000243   Thumb Code     0  startup_stm32f405xx.o(.text)
    DMA2_Stream1_IRQHandler                  0x08000243   Thumb Code     0  startup_stm32f405xx.o(.text)
    DMA2_Stream3_IRQHandler                  0x08000243   Thumb Code     0  startup_stm32f405xx.o(.text)
    DMA2_Stream4_IRQHandler                  0x08000243   Thumb Code     0  startup_stm32f405xx.o(.text)
    DMA2_Stream5_IRQHandler                  0x08000243   Thumb Code     0  startup_stm32f405xx.o(.text)
    DMA2_Stream6_IRQHandler                  0x08000243   Thumb Code     0  startup_stm32f405xx.o(.text)
    EXTI15_10_IRQHandler                     0x08000243   Thumb Code     0  startup_stm32f405xx.o(.text)
    EXTI2_IRQHandler                         0x08000243   Thumb Code     0  startup_stm32f405xx.o(.text)
    EXTI3_IRQHandler                         0x08000243   Thumb Code     0  startup_stm32f405xx.o(.text)
    EXTI4_IRQHandler                         0x08000243   Thumb Code     0  startup_stm32f405xx.o(.text)
    EXTI9_5_IRQHandler                       0x08000243   Thumb Code     0  startup_stm32f405xx.o(.text)
    FLASH_IRQHandler                         0x08000243   Thumb Code     0  startup_stm32f405xx.o(.text)
    FMC_IRQHandler                           0x08000243   Thumb Code     0  startup_stm32f405xx.o(.text)
    FPU_IRQHandler                           0x08000243   Thumb Code     0  startup_stm32f405xx.o(.text)
    HASH_RNG_IRQHandler                      0x08000243   Thumb Code     0  startup_stm32f405xx.o(.text)
    I2C1_ER_IRQHandler                       0x08000243   Thumb Code     0  startup_stm32f405xx.o(.text)
    I2C1_EV_IRQHandler                       0x08000243   Thumb Code     0  startup_stm32f405xx.o(.text)
    I2C2_ER_IRQHandler                       0x08000243   Thumb Code     0  startup_stm32f405xx.o(.text)
    I2C2_EV_IRQHandler                       0x08000243   Thumb Code     0  startup_stm32f405xx.o(.text)
    I2C3_ER_IRQHandler                       0x08000243   Thumb Code     0  startup_stm32f405xx.o(.text)
    I2C3_EV_IRQHandler                       0x08000243   Thumb Code     0  startup_stm32f405xx.o(.text)
    OTG_FS_IRQHandler                        0x08000243   Thumb Code     0  startup_stm32f405xx.o(.text)
    OTG_FS_WKUP_IRQHandler                   0x08000243   Thumb Code     0  startup_stm32f405xx.o(.text)
    OTG_HS_EP1_IN_IRQHandler                 0x08000243   Thumb Code     0  startup_stm32f405xx.o(.text)
    OTG_HS_EP1_OUT_IRQHandler                0x08000243   Thumb Code     0  startup_stm32f405xx.o(.text)
    OTG_HS_IRQHandler                        0x08000243   Thumb Code     0  startup_stm32f405xx.o(.text)
    OTG_HS_WKUP_IRQHandler                   0x08000243   Thumb Code     0  startup_stm32f405xx.o(.text)
    PVD_IRQHandler                           0x08000243   Thumb Code     0  startup_stm32f405xx.o(.text)
    RCC_IRQHandler                           0x08000243   Thumb Code     0  startup_stm32f405xx.o(.text)
    RTC_Alarm_IRQHandler                     0x08000243   Thumb Code     0  startup_stm32f405xx.o(.text)
    RTC_WKUP_IRQHandler                      0x08000243   Thumb Code     0  startup_stm32f405xx.o(.text)
    SDIO_IRQHandler                          0x08000243   Thumb Code     0  startup_stm32f405xx.o(.text)
    SPI1_IRQHandler                          0x08000243   Thumb Code     0  startup_stm32f405xx.o(.text)
    SPI3_IRQHandler                          0x08000243   Thumb Code     0  startup_stm32f405xx.o(.text)
    TAMP_STAMP_IRQHandler                    0x08000243   Thumb Code     0  startup_stm32f405xx.o(.text)
    TIM1_BRK_TIM9_IRQHandler                 0x08000243   Thumb Code     0  startup_stm32f405xx.o(.text)
    TIM1_CC_IRQHandler                       0x08000243   Thumb Code     0  startup_stm32f405xx.o(.text)
    TIM1_TRG_COM_TIM11_IRQHandler            0x08000243   Thumb Code     0  startup_stm32f405xx.o(.text)
    TIM1_UP_TIM10_IRQHandler                 0x08000243   Thumb Code     0  startup_stm32f405xx.o(.text)
    TIM2_IRQHandler                          0x08000243   Thumb Code     0  startup_stm32f405xx.o(.text)
    TIM4_IRQHandler                          0x08000243   Thumb Code     0  startup_stm32f405xx.o(.text)
    TIM5_IRQHandler                          0x08000243   Thumb Code     0  startup_stm32f405xx.o(.text)
    TIM6_DAC_IRQHandler                      0x08000243   Thumb Code     0  startup_stm32f405xx.o(.text)
    TIM8_BRK_TIM12_IRQHandler                0x08000243   Thumb Code     0  startup_stm32f405xx.o(.text)
    TIM8_CC_IRQHandler                       0x08000243   Thumb Code     0  startup_stm32f405xx.o(.text)
    TIM8_TRG_COM_TIM14_IRQHandler            0x08000243   Thumb Code     0  startup_stm32f405xx.o(.text)
    TIM8_UP_TIM13_IRQHandler                 0x08000243   Thumb Code     0  startup_stm32f405xx.o(.text)
    UART4_IRQHandler                         0x08000243   Thumb Code     0  startup_stm32f405xx.o(.text)
    UART5_IRQHandler                         0x08000243   Thumb Code     0  startup_stm32f405xx.o(.text)
    USART2_IRQHandler                        0x08000243   Thumb Code     0  startup_stm32f405xx.o(.text)
    USART3_IRQHandler                        0x08000243   Thumb Code     0  startup_stm32f405xx.o(.text)
    USART6_IRQHandler                        0x08000243   Thumb Code     0  startup_stm32f405xx.o(.text)
    WWDG_IRQHandler                          0x08000243   Thumb Code     0  startup_stm32f405xx.o(.text)
    __user_initial_stackheap                 0x08000245   Thumb Code     0  startup_stm32f405xx.o(.text)
    __aeabi_uldivmod                         0x08000269   Thumb Code     0  lludivv7m.o(.text)
    _ll_udiv                                 0x08000269   Thumb Code   238  lludivv7m.o(.text)
    __aeabi_memclr4                          0x08000357   Thumb Code     0  rt_memclr_w.o(.text)
    __aeabi_memclr8                          0x08000357   Thumb Code     0  rt_memclr_w.o(.text)
    __rt_memclr_w                            0x08000357   Thumb Code    78  rt_memclr_w.o(.text)
    _memset_w                                0x0800035b   Thumb Code     0  rt_memclr_w.o(.text)
    __use_two_region_memory                  0x080003a5   Thumb Code     2  heapauxi.o(.text)
    __rt_heap_escrow$2region                 0x080003a7   Thumb Code     2  heapauxi.o(.text)
    __rt_heap_expand$2region                 0x080003a9   Thumb Code     2  heapauxi.o(.text)
    __user_setup_stackheap                   0x080003ab   Thumb Code    74  sys_stackheap_outer.o(.text)
    exit                                     0x080003f5   Thumb Code    18  exit.o(.text)
    __user_libspace                          0x08000409   Thumb Code     8  libspace.o(.text)
    __user_perproc_libspace                  0x08000409   Thumb Code     0  libspace.o(.text)
    __user_perthread_libspace                0x08000409   Thumb Code     0  libspace.o(.text)
    _sys_exit                                0x08000411   Thumb Code     8  sys_exit.o(.text)
    __I$use$semihosting                      0x0800041d   Thumb Code     0  use_no_semi.o(.text)
    __use_no_semihosting_swi                 0x0800041d   Thumb Code     2  use_no_semi.o(.text)
    BusFault_Handler                         0x0800041f   Thumb Code     2  stm32f4xx_it.o(i.BusFault_Handler)
    __semihosting_library_function           0x0800041f   Thumb Code     0  indicate_semi.o(.text)
    DMA2_Stream2_IRQHandler                  0x08000421   Thumb Code     6  stm32f4xx_it.o(i.DMA2_Stream2_IRQHandler)
    DMA2_Stream7_IRQHandler                  0x0800042d   Thumb Code     6  stm32f4xx_it.o(i.DMA2_Stream7_IRQHandler)
    DebugMon_Handler                         0x080004dd   Thumb Code     2  stm32f4xx_it.o(i.DebugMon_Handler)
    EXTI0_IRQHandler                         0x080004df   Thumb Code     6  stm32f4xx_it.o(i.EXTI0_IRQHandler)
    EXTI1_IRQHandler                         0x080004e5   Thumb Code     6  stm32f4xx_it.o(i.EXTI1_IRQHandler)
    Error_Handler                            0x080004eb   Thumb Code     4  main.o(i.Error_Handler)
    HAL_DMA_Abort                            0x080004ef   Thumb Code   146  stm32f4xx_hal_dma.o(i.HAL_DMA_Abort)
    HAL_DMA_Abort_IT                         0x08000581   Thumb Code    36  stm32f4xx_hal_dma.o(i.HAL_DMA_Abort_IT)
    HAL_DMA_IRQHandler                       0x080005a5   Thumb Code   412  stm32f4xx_hal_dma.o(i.HAL_DMA_IRQHandler)
    HAL_DMA_Init                             0x08000745   Thumb Code   206  stm32f4xx_hal_dma.o(i.HAL_DMA_Init)
    HAL_DMA_Start_IT                         0x08000819   Thumb Code   110  stm32f4xx_hal_dma.o(i.HAL_DMA_Start_IT)
    HAL_Delay                                0x08000889   Thumb Code    32  stm32f4xx_hal.o(i.HAL_Delay)
    HAL_GPIO_EXTI_Callback                   0x080008ad   Thumb Code    28  main.o(i.HAL_GPIO_EXTI_Callback)
    HAL_GPIO_EXTI_IRQHandler                 0x080008cd   Thumb Code    18  stm32f4xx_hal_gpio.o(i.HAL_GPIO_EXTI_IRQHandler)
    HAL_GPIO_Init                            0x080008e5   Thumb Code   450  stm32f4xx_hal_gpio.o(i.HAL_GPIO_Init)
    HAL_GPIO_ReadPin                         0x08000ad5   Thumb Code    10  stm32f4xx_hal_gpio.o(i.HAL_GPIO_ReadPin)
    HAL_GPIO_TogglePin                       0x08000adf   Thumb Code    16  stm32f4xx_hal_gpio.o(i.HAL_GPIO_TogglePin)
    HAL_GPIO_WritePin                        0x08000aef   Thumb Code    10  stm32f4xx_hal_gpio.o(i.HAL_GPIO_WritePin)
    HAL_GetTick                              0x08000af9   Thumb Code     6  stm32f4xx_hal.o(i.HAL_GetTick)
    HAL_I2C_Init                             0x08000b05   Thumb Code   376  stm32f4xx_hal_i2c.o(i.HAL_I2C_Init)
    HAL_I2C_Master_Receive                   0x08000c8d   Thumb Code   468  stm32f4xx_hal_i2c.o(i.HAL_I2C_Master_Receive)
    HAL_I2C_Master_Transmit                  0x08000e6d   Thumb Code   290  stm32f4xx_hal_i2c.o(i.HAL_I2C_Master_Transmit)
    HAL_I2C_MspInit                          0x08000f99   Thumb Code    94  i2c.o(i.HAL_I2C_MspInit)
    HAL_IncTick                              0x08001005   Thumb Code    12  stm32f4xx_hal.o(i.HAL_IncTick)
    HAL_Init                                 0x08001015   Thumb Code    48  stm32f4xx_hal.o(i.HAL_Init)
    HAL_InitTick                             0x08001049   Thumb Code    54  stm32f4xx_hal.o(i.HAL_InitTick)
    HAL_MspInit                              0x08001089   Thumb Code    42  stm32f4xx_hal_msp.o(i.HAL_MspInit)
    HAL_NVIC_EnableIRQ                       0x080010b9   Thumb Code    26  stm32f4xx_hal_cortex.o(i.HAL_NVIC_EnableIRQ)
    HAL_NVIC_SetPriority                     0x080010d5   Thumb Code    60  stm32f4xx_hal_cortex.o(i.HAL_NVIC_SetPriority)
    HAL_NVIC_SetPriorityGrouping             0x08001115   Thumb Code    26  stm32f4xx_hal_cortex.o(i.HAL_NVIC_SetPriorityGrouping)
    HAL_RCC_ClockConfig                      0x08001139   Thumb Code   288  stm32f4xx_hal_rcc.o(i.HAL_RCC_ClockConfig)
    HAL_RCC_GetPCLK1Freq                     0x0800126d   Thumb Code    20  stm32f4xx_hal_rcc.o(i.HAL_RCC_GetPCLK1Freq)
    HAL_RCC_GetPCLK2Freq                     0x0800128d   Thumb Code    20  stm32f4xx_hal_rcc.o(i.HAL_RCC_GetPCLK2Freq)
    HAL_RCC_GetSysClockFreq                  0x080012ad   Thumb Code    88  stm32f4xx_hal_rcc.o(i.HAL_RCC_GetSysClockFreq)
    HAL_RCC_OscConfig                        0x0800130d   Thumb Code   856  stm32f4xx_hal_rcc.o(i.HAL_RCC_OscConfig)
    HAL_SPI_ErrorCallback                    0x08001679   Thumb Code     2  stm32f4xx_hal_spi.o(i.HAL_SPI_ErrorCallback)
    HAL_SPI_IRQHandler                       0x0800167d   Thumb Code   246  stm32f4xx_hal_spi.o(i.HAL_SPI_IRQHandler)
    HAL_SPI_Init                             0x08001779   Thumb Code   188  stm32f4xx_hal_spi.o(i.HAL_SPI_Init)
    HAL_SPI_MspInit                          0x08001835   Thumb Code   110  spi.o(i.HAL_SPI_MspInit)
    HAL_SPI_Transmit                         0x080018b1   Thumb Code   358  stm32f4xx_hal_spi.o(i.HAL_SPI_Transmit)
    HAL_SYSTICK_Config                       0x08001a17   Thumb Code    40  stm32f4xx_hal_cortex.o(i.HAL_SYSTICK_Config)
    HAL_TIMEx_BreakCallback                  0x08001a3f   Thumb Code     2  stm32f4xx_hal_tim_ex.o(i.HAL_TIMEx_BreakCallback)
    HAL_TIMEx_CommutCallback                 0x08001a41   Thumb Code     2  stm32f4xx_hal_tim_ex.o(i.HAL_TIMEx_CommutCallback)
    HAL_TIMEx_ConfigBreakDeadTime            0x08001a43   Thumb Code    84  stm32f4xx_hal_tim_ex.o(i.HAL_TIMEx_ConfigBreakDeadTime)
    HAL_TIMEx_MasterConfigSynchronization    0x08001a99   Thumb Code   116  stm32f4xx_hal_tim_ex.o(i.HAL_TIMEx_MasterConfigSynchronization)
    HAL_TIMEx_PWMN_Start                     0x08001b29   Thumb Code   164  stm32f4xx_hal_tim_ex.o(i.HAL_TIMEx_PWMN_Start)
    HAL_TIM_Base_Init                        0x08001be9   Thumb Code    90  stm32f4xx_hal_tim.o(i.HAL_TIM_Base_Init)
    HAL_TIM_Base_MspInit                     0x08001c45   Thumb Code   120  tim.o(i.HAL_TIM_Base_MspInit)
    HAL_TIM_Base_Start                       0x08001ccd   Thumb Code    90  stm32f4xx_hal_tim.o(i.HAL_TIM_Base_Start)
    HAL_TIM_Base_Start_IT                    0x08001d45   Thumb Code   100  stm32f4xx_hal_tim.o(i.HAL_TIM_Base_Start_IT)
    HAL_TIM_ConfigClockSource                0x08001dc5   Thumb Code   220  stm32f4xx_hal_tim.o(i.HAL_TIM_ConfigClockSource)
    HAL_TIM_IC_CaptureCallback               0x08001ea1   Thumb Code     2  stm32f4xx_hal_tim.o(i.HAL_TIM_IC_CaptureCallback)
    HAL_TIM_IRQHandler                       0x08001ea3   Thumb Code   358  stm32f4xx_hal_tim.o(i.HAL_TIM_IRQHandler)
    HAL_TIM_MspPostInit                      0x08002009   Thumb Code   142  tim.o(i.HAL_TIM_MspPostInit)
    HAL_TIM_OC_DelayElapsedCallback          0x080020a9   Thumb Code     2  stm32f4xx_hal_tim.o(i.HAL_TIM_OC_DelayElapsedCallback)
    HAL_TIM_PWM_ConfigChannel                0x080020ab   Thumb Code   204  stm32f4xx_hal_tim.o(i.HAL_TIM_PWM_ConfigChannel)
    HAL_TIM_PWM_Init                         0x08002177   Thumb Code    90  stm32f4xx_hal_tim.o(i.HAL_TIM_PWM_Init)
    HAL_TIM_PWM_MspInit                      0x080021d1   Thumb Code     2  stm32f4xx_hal_tim.o(i.HAL_TIM_PWM_MspInit)
    HAL_TIM_PWM_PulseFinishedCallback        0x080021d3   Thumb Code     2  stm32f4xx_hal_tim.o(i.HAL_TIM_PWM_PulseFinishedCallback)
    HAL_TIM_PWM_Start                        0x080021d5   Thumb Code   172  stm32f4xx_hal_tim.o(i.HAL_TIM_PWM_Start)
    HAL_TIM_PeriodElapsedCallback            0x0800229d   Thumb Code   276  main.o(i.HAL_TIM_PeriodElapsedCallback)
    HAL_TIM_TriggerCallback                  0x080023c9   Thumb Code     2  stm32f4xx_hal_tim.o(i.HAL_TIM_TriggerCallback)
    HAL_UARTEx_RxEventCallback               0x080023cb   Thumb Code     2  stm32f4xx_hal_uart.o(i.HAL_UARTEx_RxEventCallback)
    HAL_UART_DMAStop                         0x080023cd   Thumb Code   112  stm32f4xx_hal_uart.o(i.HAL_UART_DMAStop)
    HAL_UART_ErrorCallback                   0x0800243d   Thumb Code     2  stm32f4xx_hal_uart.o(i.HAL_UART_ErrorCallback)
    HAL_UART_IRQHandler                      0x08002441   Thumb Code   610  stm32f4xx_hal_uart.o(i.HAL_UART_IRQHandler)
    HAL_UART_Init                            0x080026a9   Thumb Code    98  stm32f4xx_hal_uart.o(i.HAL_UART_Init)
    HAL_UART_MspInit                         0x0800270d   Thumb Code   208  usart.o(i.HAL_UART_MspInit)
    HAL_UART_Receive_DMA                     0x080027f1   Thumb Code    42  stm32f4xx_hal_uart.o(i.HAL_UART_Receive_DMA)
    HAL_UART_RxCpltCallback                  0x0800281b   Thumb Code     2  stm32f4xx_hal_uart.o(i.HAL_UART_RxCpltCallback)
    HAL_UART_RxHalfCpltCallback              0x0800281d   Thumb Code     2  stm32f4xx_hal_uart.o(i.HAL_UART_RxHalfCpltCallback)
    HAL_UART_Transmit_DMA                    0x08002821   Thumb Code   126  stm32f4xx_hal_uart.o(i.HAL_UART_Transmit_DMA)
    HAL_UART_TxCpltCallback                  0x080028ad   Thumb Code     2  stm32f4xx_hal_uart.o(i.HAL_UART_TxCpltCallback)
    HAL_UART_TxHalfCpltCallback              0x080028af   Thumb Code     2  stm32f4xx_hal_uart.o(i.HAL_UART_TxHalfCpltCallback)
    HardFault_Handler                        0x080028b1   Thumb Code     2  stm32f4xx_it.o(i.HardFault_Handler)
    INA226_getBusV                           0x08002c65   Thumb Code    16  ina226.o(i.INA226_getBusV)
    INA226_getBusVReg                        0x08002c75   Thumb Code    54  ina226.o(i.INA226_getBusVReg)
    INA226_getCurrent                        0x08002cb1   Thumb Code    24  ina226.o(i.INA226_getCurrent)
    INA226_getCurrentReg                     0x08002cc9   Thumb Code    54  ina226.o(i.INA226_getCurrentReg)
    INA226_setCalibrationReg                 0x08002d05   Thumb Code    32  ina226.o(i.INA226_setCalibrationReg)
    INA226_setConfig                         0x08002d25   Thumb Code    32  ina226.o(i.INA226_setConfig)
    MX_DMA_Init                              0x08002d45   Thumb Code    56  dma.o(i.MX_DMA_Init)
    MX_GPIO_Init                             0x08002d81   Thumb Code   254  gpio.o(i.MX_GPIO_Init)
    MX_I2C1_Init                             0x08002e91   Thumb Code    50  i2c.o(i.MX_I2C1_Init)
    MX_SPI2_Init                             0x08002ed1   Thumb Code    60  spi.o(i.MX_SPI2_Init)
    MX_TIM1_Init                             0x08002f15   Thumb Code   210  tim.o(i.MX_TIM1_Init)
    MX_TIM2_Init                             0x08002ff1   Thumb Code   146  tim.o(i.MX_TIM2_Init)
    MX_TIM3_Init                             0x08003089   Thumb Code    96  tim.o(i.MX_TIM3_Init)
    MX_TIM7_Init                             0x080030f1   Thumb Code    62  tim.o(i.MX_TIM7_Init)
    MX_USART1_UART_Init                      0x08003139   Thumb Code    48  usart.o(i.MX_USART1_UART_Init)
    MemManage_Handler                        0x08003171   Thumb Code     2  stm32f4xx_it.o(i.MemManage_Handler)
    NMI_Handler                              0x08003173   Thumb Code     2  stm32f4xx_it.o(i.NMI_Handler)
    OLED_Clear                               0x08003175   Thumb Code    40  oled.o(i.OLED_Clear)
    OLED_DrawPoint                           0x080031a1   Thumb Code    40  oled.o(i.OLED_DrawPoint)
    OLED_Init                                0x080031cd   Thumb Code   234  oled.o(i.OLED_Init)
    OLED_Pow                                 0x080032b7   Thumb Code    16  oled.o(i.OLED_Pow)
    OLED_Refresh                             0x080032c9   Thumb Code    70  oled.o(i.OLED_Refresh)
    OLED_ShowChar                            0x08003315   Thumb Code   212  oled.o(i.OLED_ShowChar)
    OLED_ShowNum                             0x080033f9   Thumb Code   110  oled.o(i.OLED_ShowNum)
    OLED_ShowString                          0x08003467   Thumb Code    60  oled.o(i.OLED_ShowString)
    OLED_WR_Byte                             0x080034a5   Thumb Code    72  oled.o(i.OLED_WR_Byte)
    PID_Calcu                                0x080034f5   Thumb Code   102  main.o(i.PID_Calcu)
    PendSV_Handler                           0x0800356d   Thumb Code     2  stm32f4xx_it.o(i.PendSV_Handler)
    SPI2_IRQHandler                          0x08003571   Thumb Code     6  stm32f4xx_it.o(i.SPI2_IRQHandler)
    SVC_Handler                              0x0800369d   Thumb Code     2  stm32f4xx_it.o(i.SVC_Handler)
    SysTick_Handler                          0x0800369f   Thumb Code     4  stm32f4xx_it.o(i.SysTick_Handler)
    SystemClock_Config                       0x080036a5   Thumb Code   140  main.o(i.SystemClock_Config)
    SystemInit                               0x08003739   Thumb Code    12  system_stm32f4xx.o(i.SystemInit)
    TIM3_IRQHandler                          0x08003749   Thumb Code     6  stm32f4xx_it.o(i.TIM3_IRQHandler)
    TIM7_IRQHandler                          0x08003755   Thumb Code     6  stm32f4xx_it.o(i.TIM7_IRQHandler)
    TIM_Base_SetConfig                       0x08003761   Thumb Code   156  stm32f4xx_hal_tim.o(i.TIM_Base_SetConfig)
    TIM_CCxChannelCmd                        0x08003829   Thumb Code    26  stm32f4xx_hal_tim.o(i.TIM_CCxChannelCmd)
    TIM_ETR_SetConfig                        0x0800385d   Thumb Code    20  stm32f4xx_hal_tim.o(i.TIM_ETR_SetConfig)
    TIM_OC2_SetConfig                        0x080038e1   Thumb Code    98  stm32f4xx_hal_tim.o(i.TIM_OC2_SetConfig)
    UART_Start_Receive_DMA                   0x08003dc5   Thumb Code   134  stm32f4xx_hal_uart.o(i.UART_Start_Receive_DMA)
    USART1_IRQHandler                        0x08003e59   Thumb Code    56  stm32f4xx_it.o(i.USART1_IRQHandler)
    UsageFault_Handler                       0x08003e99   Thumb Code     2  stm32f4xx_it.o(i.UsageFault_Handler)
    main                                     0x08003ebd   Thumb Code   454  main.o(i.main)
    __aeabi_dadd                             0x080040b9   Thumb Code     0  daddsub_clz.o(x$fpl$dadd)
    _dadd                                    0x080040b9   Thumb Code   332  daddsub_clz.o(x$fpl$dadd)
    __aeabi_d2iz                             0x08004209   Thumb Code     0  dfix.o(x$fpl$dfix)
    _dfix                                    0x08004209   Thumb Code    94  dfix.o(x$fpl$dfix)
    __aeabi_i2d                              0x08004267   Thumb Code     0  dflt_clz.o(x$fpl$dflt)
    _dflt                                    0x08004267   Thumb Code    46  dflt_clz.o(x$fpl$dflt)
    __fpl_dnaninf                            0x08004295   Thumb Code   156  dnaninf.o(x$fpl$dnaninf)
    __fpl_dretinf                            0x08004331   Thumb Code    12  dretinf.o(x$fpl$dretinf)
    __aeabi_dsub                             0x0800433d   Thumb Code     0  daddsub_clz.o(x$fpl$dsub)
    _dsub                                    0x0800433d   Thumb Code   464  daddsub_clz.o(x$fpl$dsub)
    __aeabi_f2d                              0x08004511   Thumb Code     0  f2d.o(x$fpl$f2d)
    _f2d                                     0x08004511   Thumb Code    86  f2d.o(x$fpl$f2d)
    __fpl_fnaninf                            0x08004567   Thumb Code   140  fnaninf.o(x$fpl$fnaninf)
    _fp_init                                 0x080045f3   Thumb Code    10  fpinit.o(x$fpl$fpinit)
    __fplib_config_fpu_vfp                   0x080045fb   Thumb Code     0  fpinit.o(x$fpl$fpinit)
    __fplib_config_pureend_doubles           0x080045fb   Thumb Code     0  fpinit.o(x$fpl$fpinit)
    __I$use$fp                               0x080045fc   Number         0  usenofp.o(x$fpl$usenofp)
    AHBPrescTable                            0x08004604   Data          16  system_stm32f4xx.o(.constdata)
    APBPrescTable                            0x08004614   Data           8  system_stm32f4xx.o(.constdata)
    asc2_0806                                0x0800461c   Data         552  oled.o(.constdata)
    asc2_1206                                0x08004844   Data        1140  oled.o(.constdata)
    asc2_1608                                0x08004cb8   Data        1520  oled.o(.constdata)
    asc2_2412                                0x080052a8   Data        3420  oled.o(.constdata)
    Hzk1                                     0x08006004   Data         352  oled.o(.constdata)
    Hzk2                                     0x08006164   Data          72  oled.o(.constdata)
    Hzk3                                     0x080061ac   Data         128  oled.o(.constdata)
    Hzk4                                     0x0800622c   Data         512  oled.o(.constdata)
    Region$$Table$$Base                      0x0800642c   Number         0  anon$$obj.o(Region$$Table)
    Region$$Table$$Limit                     0x0800644c   Number         0  anon$$obj.o(Region$$Table)
    kp                                       0x20000000   Data           4  main.o(.data)
    ki                                       0x20000004   Data           4  main.o(.data)
    kd                                       0x20000008   Data           4  main.o(.data)
    detpwm                                   0x2000000c   Data           4  main.o(.data)
    error                                    0x20000010   Data           4  main.o(.data)
    lasterror                                0x20000014   Data           4  main.o(.data)
    batteryVolt                              0x20000018   Data           4  main.o(.data)
    batteryCur                               0x2000001c   Data           4  main.o(.data)
    cupVolt                                  0x20000020   Data           4  main.o(.data)
    cupCur                                   0x20000024   Data           4  main.o(.data)
    Num1                                     0x20000028   Data           4  main.o(.data)
    Num2                                     0x2000002c   Data           4  main.o(.data)
    Beep1                                    0x20000030   Data           4  main.o(.data)
    E1                                       0x20000034   Data           4  main.o(.data)
    E2                                       0x20000038   Data           4  main.o(.data)
    SUP_Error                                0x2000003c   Data           4  main.o(.data)
    PWM                                      0x20000040   Data           4  main.o(.data)
    status                                   0x20000044   Data           4  main.o(.data)
    integral                                 0x20000048   Data           4  main.o(.data)
    setcur                                   0x2000004c   Data           4  main.o(.data)
    k                                        0x20000050   Data           8  main.o(.data)
    uwTickFreq                               0x20000058   Data           1  stm32f4xx_hal.o(.data)
    uwTickPrio                               0x2000005c   Data           4  stm32f4xx_hal.o(.data)
    uwTick                                   0x20000060   Data           4  stm32f4xx_hal.o(.data)
    SystemCoreClock                          0x20000064   Data           4  system_stm32f4xx.o(.data)
    buffer                                   0x20000068   Data          20  main.o(.bss)
    hi2c1                                    0x2000007c   Data          84  i2c.o(.bss)
    hspi2                                    0x200000d0   Data          88  spi.o(.bss)
    htim1                                    0x20000128   Data          72  tim.o(.bss)
    htim2                                    0x20000170   Data          72  tim.o(.bss)
    htim3                                    0x200001b8   Data          72  tim.o(.bss)
    htim7                                    0x20000200   Data          72  tim.o(.bss)
    huart1                                   0x20000248   Data          68  usart.o(.bss)
    hdma_usart1_rx                           0x2000028c   Data          96  usart.o(.bss)
    hdma_usart1_tx                           0x200002ec   Data          96  usart.o(.bss)
    OLED_GRAM                                0x2000034c   Data        1152  oled.o(.bss)
    __libspace_start                         0x200007cc   Data          96  libspace.o(.bss)
    __temporary_stack_top$libspace           0x2000082c   Data           0  libspace.o(.bss)



==============================================================================

Memory Map of the image

  Image Entry point : 0x08000189

  Load Region LR_IROM1 (Base: 0x08000000, Size: 0x000064b4, Max: 0x00100000, ABSOLUTE)

    Execution Region ER_IROM1 (Exec base: 0x08000000, Load base: 0x08000000, Size: 0x0000644c, Max: 0x00100000, ABSOLUTE)

    Exec Addr    Load Addr    Size         Type   Attr      Idx    E Section Name        Object

    0x08000000   0x08000000   0x00000188   Data   RO            3    RESET               startup_stm32f405xx.o
    0x08000188   0x08000188   0x00000008   Code   RO         4152  * !!!main             c_w.l(__main.o)
    0x08000190   0x08000190   0x00000034   Code   RO         4346    !!!scatter          c_w.l(__scatter.o)
    0x080001c4   0x080001c4   0x0000001a   Code   RO         4348    !!handler_copy      c_w.l(__scatter_copy.o)
    0x080001de   0x080001de   0x00000002   PAD
    0x080001e0   0x080001e0   0x0000001c   Code   RO         4350    !!handler_zi        c_w.l(__scatter_zi.o)
    0x080001fc   0x080001fc   0x00000002   Code   RO         4214    .ARM.Collect$$libinit$$00000000  c_w.l(libinit.o)
    0x080001fe   0x080001fe   0x00000004   Code   RO         4226    .ARM.Collect$$libinit$$00000001  c_w.l(libinit2.o)
    0x08000202   0x08000202   0x00000000   Code   RO         4229    .ARM.Collect$$libinit$$00000004  c_w.l(libinit2.o)
    0x08000202   0x08000202   0x00000000   Code   RO         4232    .ARM.Collect$$libinit$$0000000A  c_w.l(libinit2.o)
    0x08000202   0x08000202   0x00000000   Code   RO         4234    .ARM.Collect$$libinit$$0000000C  c_w.l(libinit2.o)
    0x08000202   0x08000202   0x00000000   Code   RO         4236    .ARM.Collect$$libinit$$0000000E  c_w.l(libinit2.o)
    0x08000202   0x08000202   0x00000000   Code   RO         4239    .ARM.Collect$$libinit$$00000011  c_w.l(libinit2.o)
    0x08000202   0x08000202   0x00000000   Code   RO         4241    .ARM.Collect$$libinit$$00000013  c_w.l(libinit2.o)
    0x08000202   0x08000202   0x00000000   Code   RO         4243    .ARM.Collect$$libinit$$00000015  c_w.l(libinit2.o)
    0x08000202   0x08000202   0x00000000   Code   RO         4245    .ARM.Collect$$libinit$$00000017  c_w.l(libinit2.o)
    0x08000202   0x08000202   0x00000000   Code   RO         4247    .ARM.Collect$$libinit$$00000019  c_w.l(libinit2.o)
    0x08000202   0x08000202   0x00000000   Code   RO         4249    .ARM.Collect$$libinit$$0000001B  c_w.l(libinit2.o)
    0x08000202   0x08000202   0x00000000   Code   RO         4251    .ARM.Collect$$libinit$$0000001D  c_w.l(libinit2.o)
    0x08000202   0x08000202   0x00000000   Code   RO         4253    .ARM.Collect$$libinit$$0000001F  c_w.l(libinit2.o)
    0x08000202   0x08000202   0x00000000   Code   RO         4255    .ARM.Collect$$libinit$$00000021  c_w.l(libinit2.o)
    0x08000202   0x08000202   0x00000000   Code   RO         4257    .ARM.Collect$$libinit$$00000023  c_w.l(libinit2.o)
    0x08000202   0x08000202   0x00000000   Code   RO         4259    .ARM.Collect$$libinit$$00000025  c_w.l(libinit2.o)
    0x08000202   0x08000202   0x00000000   Code   RO         4263    .ARM.Collect$$libinit$$0000002C  c_w.l(libinit2.o)
    0x08000202   0x08000202   0x00000000   Code   RO         4265    .ARM.Collect$$libinit$$0000002E  c_w.l(libinit2.o)
    0x08000202   0x08000202   0x00000000   Code   RO         4267    .ARM.Collect$$libinit$$00000030  c_w.l(libinit2.o)
    0x08000202   0x08000202   0x00000000   Code   RO         4269    .ARM.Collect$$libinit$$00000032  c_w.l(libinit2.o)
    0x08000202   0x08000202   0x00000002   Code   RO         4270    .ARM.Collect$$libinit$$00000033  c_w.l(libinit2.o)
    0x08000204   0x08000204   0x00000002   Code   RO         4301    .ARM.Collect$$libshutdown$$00000000  c_w.l(libshutdown.o)
    0x08000206   0x08000206   0x00000000   Code   RO         4327    .ARM.Collect$$libshutdown$$00000002  c_w.l(libshutdown2.o)
    0x08000206   0x08000206   0x00000000   Code   RO         4329    .ARM.Collect$$libshutdown$$00000004  c_w.l(libshutdown2.o)
    0x08000206   0x08000206   0x00000000   Code   RO         4331    .ARM.Collect$$libshutdown$$00000006  c_w.l(libshutdown2.o)
    0x08000206   0x08000206   0x00000000   Code   RO         4334    .ARM.Collect$$libshutdown$$00000009  c_w.l(libshutdown2.o)
    0x08000206   0x08000206   0x00000000   Code   RO         4337    .ARM.Collect$$libshutdown$$0000000C  c_w.l(libshutdown2.o)
    0x08000206   0x08000206   0x00000000   Code   RO         4339    .ARM.Collect$$libshutdown$$0000000E  c_w.l(libshutdown2.o)
    0x08000206   0x08000206   0x00000000   Code   RO         4342    .ARM.Collect$$libshutdown$$00000011  c_w.l(libshutdown2.o)
    0x08000206   0x08000206   0x00000002   Code   RO         4343    .ARM.Collect$$libshutdown$$00000012  c_w.l(libshutdown2.o)
    0x08000208   0x08000208   0x00000000   Code   RO         4172    .ARM.Collect$$rtentry$$00000000  c_w.l(__rtentry.o)
    0x08000208   0x08000208   0x00000000   Code   RO         4185    .ARM.Collect$$rtentry$$00000002  c_w.l(__rtentry2.o)
    0x08000208   0x08000208   0x00000006   Code   RO         4197    .ARM.Collect$$rtentry$$00000004  c_w.l(__rtentry4.o)
    0x0800020e   0x0800020e   0x00000000   Code   RO         4187    .ARM.Collect$$rtentry$$00000009  c_w.l(__rtentry2.o)
    0x0800020e   0x0800020e   0x00000004   Code   RO         4188    .ARM.Collect$$rtentry$$0000000A  c_w.l(__rtentry2.o)
    0x08000212   0x08000212   0x00000000   Code   RO         4190    .ARM.Collect$$rtentry$$0000000C  c_w.l(__rtentry2.o)
    0x08000212   0x08000212   0x00000008   Code   RO         4191    .ARM.Collect$$rtentry$$0000000D  c_w.l(__rtentry2.o)
    0x0800021a   0x0800021a   0x00000002   Code   RO         4218    .ARM.Collect$$rtexit$$00000000  c_w.l(rtexit.o)
    0x0800021c   0x0800021c   0x00000000   Code   RO         4274    .ARM.Collect$$rtexit$$00000002  c_w.l(rtexit2.o)
    0x0800021c   0x0800021c   0x00000004   Code   RO         4275    .ARM.Collect$$rtexit$$00000003  c_w.l(rtexit2.o)
    0x08000220   0x08000220   0x00000006   Code   RO         4276    .ARM.Collect$$rtexit$$00000004  c_w.l(rtexit2.o)
    0x08000226   0x08000226   0x00000002   PAD
    0x08000228   0x08000228   0x00000040   Code   RO            4    .text               startup_stm32f405xx.o
    0x08000268   0x08000268   0x000000ee   Code   RO         4146    .text               c_w.l(lludivv7m.o)
    0x08000356   0x08000356   0x0000004e   Code   RO         4148    .text               c_w.l(rt_memclr_w.o)
    0x080003a4   0x080003a4   0x00000006   Code   RO         4150    .text               c_w.l(heapauxi.o)
    0x080003aa   0x080003aa   0x0000004a   Code   RO         4201    .text               c_w.l(sys_stackheap_outer.o)
    0x080003f4   0x080003f4   0x00000012   Code   RO         4203    .text               c_w.l(exit.o)
    0x08000406   0x08000406   0x00000002   PAD
    0x08000408   0x08000408   0x00000008   Code   RO         4215    .text               c_w.l(libspace.o)
    0x08000410   0x08000410   0x0000000c   Code   RO         4271    .text               c_w.l(sys_exit.o)
    0x0800041c   0x0800041c   0x00000002   Code   RO         4290    .text               c_w.l(use_no_semi.o)
    0x0800041e   0x0800041e   0x00000000   Code   RO         4292    .text               c_w.l(indicate_semi.o)
    0x0800041e   0x0800041e   0x00000002   Code   RO          463    i.BusFault_Handler  stm32f4xx_it.o
    0x08000420   0x08000420   0x0000000c   Code   RO          464    i.DMA2_Stream2_IRQHandler  stm32f4xx_it.o
    0x0800042c   0x0800042c   0x0000000c   Code   RO          465    i.DMA2_Stream7_IRQHandler  stm32f4xx_it.o
    0x08000438   0x08000438   0x00000028   Code   RO         1520    i.DMA_CalcBaseAndBitshift  stm32f4xx_hal_dma.o
    0x08000460   0x08000460   0x00000054   Code   RO         1521    i.DMA_CheckFifoParam  stm32f4xx_hal_dma.o
    0x080004b4   0x080004b4   0x00000028   Code   RO         1522    i.DMA_SetConfig     stm32f4xx_hal_dma.o
    0x080004dc   0x080004dc   0x00000002   Code   RO          466    i.DebugMon_Handler  stm32f4xx_it.o
    0x080004de   0x080004de   0x00000006   Code   RO          467    i.EXTI0_IRQHandler  stm32f4xx_it.o
    0x080004e4   0x080004e4   0x00000006   Code   RO          468    i.EXTI1_IRQHandler  stm32f4xx_it.o
    0x080004ea   0x080004ea   0x00000004   Code   RO           14    i.Error_Handler     main.o
    0x080004ee   0x080004ee   0x00000092   Code   RO         1523    i.HAL_DMA_Abort     stm32f4xx_hal_dma.o
    0x08000580   0x08000580   0x00000024   Code   RO         1524    i.HAL_DMA_Abort_IT  stm32f4xx_hal_dma.o
    0x080005a4   0x080005a4   0x000001a0   Code   RO         1528    i.HAL_DMA_IRQHandler  stm32f4xx_hal_dma.o
    0x08000744   0x08000744   0x000000d4   Code   RO         1529    i.HAL_DMA_Init      stm32f4xx_hal_dma.o
    0x08000818   0x08000818   0x0000006e   Code   RO         1533    i.HAL_DMA_Start_IT  stm32f4xx_hal_dma.o
    0x08000886   0x08000886   0x00000002   PAD
    0x08000888   0x08000888   0x00000024   Code   RO         1942    i.HAL_Delay         stm32f4xx_hal.o
    0x080008ac   0x080008ac   0x00000020   Code   RO           15    i.HAL_GPIO_EXTI_Callback  main.o
    0x080008cc   0x080008cc   0x00000018   Code   RO         1415    i.HAL_GPIO_EXTI_IRQHandler  stm32f4xx_hal_gpio.o
    0x080008e4   0x080008e4   0x000001f0   Code   RO         1416    i.HAL_GPIO_Init     stm32f4xx_hal_gpio.o
    0x08000ad4   0x08000ad4   0x0000000a   Code   RO         1418    i.HAL_GPIO_ReadPin  stm32f4xx_hal_gpio.o
    0x08000ade   0x08000ade   0x00000010   Code   RO         1419    i.HAL_GPIO_TogglePin  stm32f4xx_hal_gpio.o
    0x08000aee   0x08000aee   0x0000000a   Code   RO         1420    i.HAL_GPIO_WritePin  stm32f4xx_hal_gpio.o
    0x08000af8   0x08000af8   0x0000000c   Code   RO         1948    i.HAL_GetTick       stm32f4xx_hal.o
    0x08000b04   0x08000b04   0x00000188   Code   RO          622    i.HAL_I2C_Init      stm32f4xx_hal_i2c.o
    0x08000c8c   0x08000c8c   0x000001e0   Code   RO          628    i.HAL_I2C_Master_Receive  stm32f4xx_hal_i2c.o
    0x08000e6c   0x08000e6c   0x0000012c   Code   RO          635    i.HAL_I2C_Master_Transmit  stm32f4xx_hal_i2c.o
    0x08000f98   0x08000f98   0x0000006c   Code   RO          272    i.HAL_I2C_MspInit   i2c.o
    0x08001004   0x08001004   0x00000010   Code   RO         1954    i.HAL_IncTick       stm32f4xx_hal.o
    0x08001014   0x08001014   0x00000034   Code   RO         1955    i.HAL_Init          stm32f4xx_hal.o
    0x08001048   0x08001048   0x00000040   Code   RO         1956    i.HAL_InitTick      stm32f4xx_hal.o
    0x08001088   0x08001088   0x00000030   Code   RO          587    i.HAL_MspInit       stm32f4xx_hal_msp.o
    0x080010b8   0x080010b8   0x0000001a   Code   RO         1805    i.HAL_NVIC_EnableIRQ  stm32f4xx_hal_cortex.o
    0x080010d2   0x080010d2   0x00000002   PAD
    0x080010d4   0x080010d4   0x00000040   Code   RO         1811    i.HAL_NVIC_SetPriority  stm32f4xx_hal_cortex.o
    0x08001114   0x08001114   0x00000024   Code   RO         1812    i.HAL_NVIC_SetPriorityGrouping  stm32f4xx_hal_cortex.o
    0x08001138   0x08001138   0x00000134   Code   RO         1062    i.HAL_RCC_ClockConfig  stm32f4xx_hal_rcc.o
    0x0800126c   0x0800126c   0x00000020   Code   RO         1069    i.HAL_RCC_GetPCLK1Freq  stm32f4xx_hal_rcc.o
    0x0800128c   0x0800128c   0x00000020   Code   RO         1070    i.HAL_RCC_GetPCLK2Freq  stm32f4xx_hal_rcc.o
    0x080012ac   0x080012ac   0x00000060   Code   RO         1071    i.HAL_RCC_GetSysClockFreq  stm32f4xx_hal_rcc.o
    0x0800130c   0x0800130c   0x0000036c   Code   RO         1074    i.HAL_RCC_OscConfig  stm32f4xx_hal_rcc.o
    0x08001678   0x08001678   0x00000002   Code   RO         2200    i.HAL_SPI_ErrorCallback  stm32f4xx_hal_spi.o
    0x0800167a   0x0800167a   0x00000002   PAD
    0x0800167c   0x0800167c   0x000000fc   Code   RO         2203    i.HAL_SPI_IRQHandler  stm32f4xx_hal_spi.o
    0x08001778   0x08001778   0x000000bc   Code   RO         2204    i.HAL_SPI_Init      stm32f4xx_hal_spi.o
    0x08001834   0x08001834   0x0000007c   Code   RO          314    i.HAL_SPI_MspInit   spi.o
    0x080018b0   0x080018b0   0x00000166   Code   RO         2212    i.HAL_SPI_Transmit  stm32f4xx_hal_spi.o
    0x08001a16   0x08001a16   0x00000028   Code   RO         1816    i.HAL_SYSTICK_Config  stm32f4xx_hal_cortex.o
    0x08001a3e   0x08001a3e   0x00000002   Code   RO         3221    i.HAL_TIMEx_BreakCallback  stm32f4xx_hal_tim_ex.o
    0x08001a40   0x08001a40   0x00000002   Code   RO         3222    i.HAL_TIMEx_CommutCallback  stm32f4xx_hal_tim_ex.o
    0x08001a42   0x08001a42   0x00000054   Code   RO         3224    i.HAL_TIMEx_ConfigBreakDeadTime  stm32f4xx_hal_tim_ex.o
    0x08001a96   0x08001a96   0x00000002   PAD
    0x08001a98   0x08001a98   0x00000090   Code   RO         3240    i.HAL_TIMEx_MasterConfigSynchronization  stm32f4xx_hal_tim_ex.o
    0x08001b28   0x08001b28   0x000000c0   Code   RO         3251    i.HAL_TIMEx_PWMN_Start  stm32f4xx_hal_tim_ex.o
    0x08001be8   0x08001be8   0x0000005a   Code   RO         2517    i.HAL_TIM_Base_Init  stm32f4xx_hal_tim.o
    0x08001c42   0x08001c42   0x00000002   PAD
    0x08001c44   0x08001c44   0x00000088   Code   RO          356    i.HAL_TIM_Base_MspInit  tim.o
    0x08001ccc   0x08001ccc   0x00000078   Code   RO         2520    i.HAL_TIM_Base_Start  stm32f4xx_hal_tim.o
    0x08001d44   0x08001d44   0x00000080   Code   RO         2522    i.HAL_TIM_Base_Start_IT  stm32f4xx_hal_tim.o
    0x08001dc4   0x08001dc4   0x000000dc   Code   RO         2526    i.HAL_TIM_ConfigClockSource  stm32f4xx_hal_tim.o
    0x08001ea0   0x08001ea0   0x00000002   Code   RO         2551    i.HAL_TIM_IC_CaptureCallback  stm32f4xx_hal_tim.o
    0x08001ea2   0x08001ea2   0x00000166   Code   RO         2565    i.HAL_TIM_IRQHandler  stm32f4xx_hal_tim.o
    0x08002008   0x08002008   0x000000a0   Code   RO          357    i.HAL_TIM_MspPostInit  tim.o
    0x080020a8   0x080020a8   0x00000002   Code   RO         2568    i.HAL_TIM_OC_DelayElapsedCallback  stm32f4xx_hal_tim.o
    0x080020aa   0x080020aa   0x000000cc   Code   RO         2589    i.HAL_TIM_PWM_ConfigChannel  stm32f4xx_hal_tim.o
    0x08002176   0x08002176   0x0000005a   Code   RO         2592    i.HAL_TIM_PWM_Init  stm32f4xx_hal_tim.o
    0x080021d0   0x080021d0   0x00000002   Code   RO         2594    i.HAL_TIM_PWM_MspInit  stm32f4xx_hal_tim.o
    0x080021d2   0x080021d2   0x00000002   Code   RO         2595    i.HAL_TIM_PWM_PulseFinishedCallback  stm32f4xx_hal_tim.o
    0x080021d4   0x080021d4   0x000000c8   Code   RO         2597    i.HAL_TIM_PWM_Start  stm32f4xx_hal_tim.o
    0x0800229c   0x0800229c   0x0000012c   Code   RO           16    i.HAL_TIM_PeriodElapsedCallback  main.o
    0x080023c8   0x080023c8   0x00000002   Code   RO         2608    i.HAL_TIM_TriggerCallback  stm32f4xx_hal_tim.o
    0x080023ca   0x080023ca   0x00000002   Code   RO         3499    i.HAL_UARTEx_RxEventCallback  stm32f4xx_hal_uart.o
    0x080023cc   0x080023cc   0x00000070   Code   RO         3511    i.HAL_UART_DMAStop  stm32f4xx_hal_uart.o
    0x0800243c   0x0800243c   0x00000002   Code   RO         3513    i.HAL_UART_ErrorCallback  stm32f4xx_hal_uart.o
    0x0800243e   0x0800243e   0x00000002   PAD
    0x08002440   0x08002440   0x00000268   Code   RO         3516    i.HAL_UART_IRQHandler  stm32f4xx_hal_uart.o
    0x080026a8   0x080026a8   0x00000062   Code   RO         3517    i.HAL_UART_Init     stm32f4xx_hal_uart.o
    0x0800270a   0x0800270a   0x00000002   PAD
    0x0800270c   0x0800270c   0x000000e4   Code   RO          422    i.HAL_UART_MspInit  usart.o
    0x080027f0   0x080027f0   0x0000002a   Code   RO         3521    i.HAL_UART_Receive_DMA  stm32f4xx_hal_uart.o
    0x0800281a   0x0800281a   0x00000002   Code   RO         3523    i.HAL_UART_RxCpltCallback  stm32f4xx_hal_uart.o
    0x0800281c   0x0800281c   0x00000002   Code   RO         3524    i.HAL_UART_RxHalfCpltCallback  stm32f4xx_hal_uart.o
    0x0800281e   0x0800281e   0x00000002   PAD
    0x08002820   0x08002820   0x0000008c   Code   RO         3526    i.HAL_UART_Transmit_DMA  stm32f4xx_hal_uart.o
    0x080028ac   0x080028ac   0x00000002   Code   RO         3528    i.HAL_UART_TxCpltCallback  stm32f4xx_hal_uart.o
    0x080028ae   0x080028ae   0x00000002   Code   RO         3529    i.HAL_UART_TxHalfCpltCallback  stm32f4xx_hal_uart.o
    0x080028b0   0x080028b0   0x00000002   Code   RO          469    i.HardFault_Handler  stm32f4xx_it.o
    0x080028b2   0x080028b2   0x0000002e   Code   RO          664    i.I2C_IsAcknowledgeFailed  stm32f4xx_hal_i2c.o
    0x080028e0   0x080028e0   0x000000ec   Code   RO          667    i.I2C_MasterRequestRead  stm32f4xx_hal_i2c.o
    0x080029cc   0x080029cc   0x0000009c   Code   RO          668    i.I2C_MasterRequestWrite  stm32f4xx_hal_i2c.o
    0x08002a68   0x08002a68   0x0000004c   Code   RO          679    i.I2C_WaitOnBTFFlagUntilTimeout  stm32f4xx_hal_i2c.o
    0x08002ab4   0x08002ab4   0x00000068   Code   RO          680    i.I2C_WaitOnFlagUntilTimeout  stm32f4xx_hal_i2c.o
    0x08002b1c   0x08002b1c   0x00000096   Code   RO          681    i.I2C_WaitOnMasterAddressFlagUntilTimeout  stm32f4xx_hal_i2c.o
    0x08002bb2   0x08002bb2   0x00000066   Code   RO          682    i.I2C_WaitOnRXNEFlagUntilTimeout  stm32f4xx_hal_i2c.o
    0x08002c18   0x08002c18   0x0000004c   Code   RO          683    i.I2C_WaitOnTXEFlagUntilTimeout  stm32f4xx_hal_i2c.o
    0x08002c64   0x08002c64   0x00000010   Code   RO         3884    i.INA226_getBusV    ina226.o
    0x08002c74   0x08002c74   0x0000003c   Code   RO         3885    i.INA226_getBusVReg  ina226.o
    0x08002cb0   0x08002cb0   0x00000018   Code   RO         3888    i.INA226_getCurrent  ina226.o
    0x08002cc8   0x08002cc8   0x0000003c   Code   RO         3889    i.INA226_getCurrentReg  ina226.o
    0x08002d04   0x08002d04   0x00000020   Code   RO         3897    i.INA226_setCalibrationReg  ina226.o
    0x08002d24   0x08002d24   0x00000020   Code   RO         3898    i.INA226_setConfig  ina226.o
    0x08002d44   0x08002d44   0x0000003c   Code   RO          247    i.MX_DMA_Init       dma.o
    0x08002d80   0x08002d80   0x00000110   Code   RO          223    i.MX_GPIO_Init      gpio.o
    0x08002e90   0x08002e90   0x00000040   Code   RO          273    i.MX_I2C1_Init      i2c.o
    0x08002ed0   0x08002ed0   0x00000044   Code   RO          315    i.MX_SPI2_Init      spi.o
    0x08002f14   0x08002f14   0x000000dc   Code   RO          358    i.MX_TIM1_Init      tim.o
    0x08002ff0   0x08002ff0   0x00000098   Code   RO          359    i.MX_TIM2_Init      tim.o
    0x08003088   0x08003088   0x00000068   Code   RO          360    i.MX_TIM3_Init      tim.o
    0x080030f0   0x080030f0   0x00000048   Code   RO          361    i.MX_TIM7_Init      tim.o
    0x08003138   0x08003138   0x00000038   Code   RO          423    i.MX_USART1_UART_Init  usart.o
    0x08003170   0x08003170   0x00000002   Code   RO          470    i.MemManage_Handler  stm32f4xx_it.o
    0x08003172   0x08003172   0x00000002   Code   RO          471    i.NMI_Handler       stm32f4xx_it.o
    0x08003174   0x08003174   0x0000002c   Code   RO         4006    i.OLED_Clear        oled.o
    0x080031a0   0x080031a0   0x0000002c   Code   RO         4013    i.OLED_DrawPoint    oled.o
    0x080031cc   0x080031cc   0x000000ea   Code   RO         4014    i.OLED_Init         oled.o
    0x080032b6   0x080032b6   0x00000010   Code   RO         4015    i.OLED_Pow          oled.o
    0x080032c6   0x080032c6   0x00000002   PAD
    0x080032c8   0x080032c8   0x0000004c   Code   RO         4016    i.OLED_Refresh      oled.o
    0x08003314   0x08003314   0x000000e4   Code   RO         4019    i.OLED_ShowChar     oled.o
    0x080033f8   0x080033f8   0x0000006e   Code   RO         4021    i.OLED_ShowNum      oled.o
    0x08003466   0x08003466   0x0000003c   Code   RO         4023    i.OLED_ShowString   oled.o
    0x080034a2   0x080034a2   0x00000002   PAD
    0x080034a4   0x080034a4   0x00000050   Code   RO         4024    i.OLED_WR_Byte      oled.o
    0x080034f4   0x080034f4   0x00000078   Code   RO           17    i.PID_Calcu         main.o
    0x0800356c   0x0800356c   0x00000002   Code   RO          472    i.PendSV_Handler    stm32f4xx_it.o
    0x0800356e   0x0800356e   0x00000002   PAD
    0x08003570   0x08003570   0x0000000c   Code   RO          473    i.SPI2_IRQHandler   stm32f4xx_it.o
    0x0800357c   0x0800357c   0x00000010   Code   RO         2231    i.SPI_DMAAbortOnError  stm32f4xx_hal_spi.o
    0x0800358c   0x0800358c   0x00000058   Code   RO         2242    i.SPI_EndRxTxTransaction  stm32f4xx_hal_spi.o
    0x080035e4   0x080035e4   0x000000b8   Code   RO         2247    i.SPI_WaitFlagStateUntilTimeout  stm32f4xx_hal_spi.o
    0x0800369c   0x0800369c   0x00000002   Code   RO          474    i.SVC_Handler       stm32f4xx_it.o
    0x0800369e   0x0800369e   0x00000004   Code   RO          475    i.SysTick_Handler   stm32f4xx_it.o
    0x080036a2   0x080036a2   0x00000002   PAD
    0x080036a4   0x080036a4   0x00000094   Code   RO           18    i.SystemClock_Config  main.o
    0x08003738   0x08003738   0x00000010   Code   RO         3846    i.SystemInit        system_stm32f4xx.o
    0x08003748   0x08003748   0x0000000c   Code   RO          476    i.TIM3_IRQHandler   stm32f4xx_it.o
    0x08003754   0x08003754   0x0000000c   Code   RO          477    i.TIM7_IRQHandler   stm32f4xx_it.o
    0x08003760   0x08003760   0x000000c8   Code   RO         2610    i.TIM_Base_SetConfig  stm32f4xx_hal_tim.o
    0x08003828   0x08003828   0x0000001a   Code   RO         2611    i.TIM_CCxChannelCmd  stm32f4xx_hal_tim.o
    0x08003842   0x08003842   0x0000001a   Code   RO         3260    i.TIM_CCxNChannelCmd  stm32f4xx_hal_tim_ex.o
    0x0800385c   0x0800385c   0x00000014   Code   RO         2621    i.TIM_ETR_SetConfig  stm32f4xx_hal_tim.o
    0x08003870   0x08003870   0x00000010   Code   RO         2622    i.TIM_ITRx_SetConfig  stm32f4xx_hal_tim.o
    0x08003880   0x08003880   0x00000060   Code   RO         2623    i.TIM_OC1_SetConfig  stm32f4xx_hal_tim.o
    0x080038e0   0x080038e0   0x0000006c   Code   RO         2624    i.TIM_OC2_SetConfig  stm32f4xx_hal_tim.o
    0x0800394c   0x0800394c   0x00000068   Code   RO         2625    i.TIM_OC3_SetConfig  stm32f4xx_hal_tim.o
    0x080039b4   0x080039b4   0x00000050   Code   RO         2626    i.TIM_OC4_SetConfig  stm32f4xx_hal_tim.o
    0x08003a04   0x08003a04   0x00000022   Code   RO         2628    i.TIM_TI1_ConfigInputStage  stm32f4xx_hal_tim.o
    0x08003a26   0x08003a26   0x00000024   Code   RO         2630    i.TIM_TI2_ConfigInputStage  stm32f4xx_hal_tim.o
    0x08003a4a   0x08003a4a   0x00000010   Code   RO         3530    i.UART_DMAAbortOnError  stm32f4xx_hal_uart.o
    0x08003a5a   0x08003a5a   0x0000004a   Code   RO         3531    i.UART_DMAError     stm32f4xx_hal_uart.o
    0x08003aa4   0x08003aa4   0x00000082   Code   RO         3532    i.UART_DMAReceiveCplt  stm32f4xx_hal_uart.o
    0x08003b26   0x08003b26   0x0000001a   Code   RO         3534    i.UART_DMARxHalfCplt  stm32f4xx_hal_uart.o
    0x08003b40   0x08003b40   0x00000042   Code   RO         3536    i.UART_DMATransmitCplt  stm32f4xx_hal_uart.o
    0x08003b82   0x08003b82   0x0000000a   Code   RO         3538    i.UART_DMATxHalfCplt  stm32f4xx_hal_uart.o
    0x08003b8c   0x08003b8c   0x0000004e   Code   RO         3540    i.UART_EndRxTransfer  stm32f4xx_hal_uart.o
    0x08003bda   0x08003bda   0x0000001c   Code   RO         3541    i.UART_EndTxTransfer  stm32f4xx_hal_uart.o
    0x08003bf6   0x08003bf6   0x000000c0   Code   RO         3542    i.UART_Receive_IT   stm32f4xx_hal_uart.o
    0x08003cb6   0x08003cb6   0x00000002   PAD
    0x08003cb8   0x08003cb8   0x0000010c   Code   RO         3543    i.UART_SetConfig    stm32f4xx_hal_uart.o
    0x08003dc4   0x08003dc4   0x00000094   Code   RO         3544    i.UART_Start_Receive_DMA  stm32f4xx_hal_uart.o
    0x08003e58   0x08003e58   0x00000040   Code   RO          478    i.USART1_IRQHandler  stm32f4xx_it.o
    0x08003e98   0x08003e98   0x00000002   Code   RO          479    i.UsageFault_Handler  stm32f4xx_it.o
    0x08003e9a   0x08003e9a   0x00000020   Code   RO         1818    i.__NVIC_SetPriority  stm32f4xx_hal_cortex.o
    0x08003eba   0x08003eba   0x00000002   PAD
    0x08003ebc   0x08003ebc   0x000001fc   Code   RO           19    i.main              main.o
    0x080040b8   0x080040b8   0x00000150   Code   RO         4154    x$fpl$dadd          fz_wm.l(daddsub_clz.o)
    0x08004208   0x08004208   0x0000005e   Code   RO         4160    x$fpl$dfix          fz_wm.l(dfix.o)
    0x08004266   0x08004266   0x0000002e   Code   RO         4165    x$fpl$dflt          fz_wm.l(dflt_clz.o)
    0x08004294   0x08004294   0x0000009c   Code   RO         4177    x$fpl$dnaninf       fz_wm.l(dnaninf.o)
    0x08004330   0x08004330   0x0000000c   Code   RO         4179    x$fpl$dretinf       fz_wm.l(dretinf.o)
    0x0800433c   0x0800433c   0x000001d4   Code   RO         4156    x$fpl$dsub          fz_wm.l(daddsub_clz.o)
    0x08004510   0x08004510   0x00000056   Code   RO         4170    x$fpl$f2d           fz_wm.l(f2d.o)
    0x08004566   0x08004566   0x0000008c   Code   RO         4181    x$fpl$fnaninf       fz_wm.l(fnaninf.o)
    0x080045f2   0x080045f2   0x0000000a   Code   RO         4286    x$fpl$fpinit        fz_wm.l(fpinit.o)
    0x080045fc   0x080045fc   0x00000000   Code   RO         4183    x$fpl$usenofp       fz_wm.l(usenofp.o)
    0x080045fc   0x080045fc   0x00000008   Data   RO         1535    .constdata          stm32f4xx_hal_dma.o
    0x08004604   0x08004604   0x00000010   Data   RO         3847    .constdata          system_stm32f4xx.o
    0x08004614   0x08004614   0x00000008   Data   RO         3848    .constdata          system_stm32f4xx.o
    0x0800461c   0x0800461c   0x00001e10   Data   RO         4026    .constdata          oled.o
    0x0800642c   0x0800642c   0x00000020   Data   RO         4344    Region$$Table       anon$$obj.o


    Execution Region RW_IRAM1 (Exec base: 0x20000000, Load base: 0x0800644c, Size: 0x00000e30, Max: 0x0001c000, ABSOLUTE)

    Exec Addr    Load Addr    Size         Type   Attr      Idx    E Section Name        Object

    0x20000000   0x0800644c   0x00000058   Data   RW           21    .data               main.o
    0x20000058   0x080064a4   0x0000000c   Data   RW         1962    .data               stm32f4xx_hal.o
    0x20000064   0x080064b0   0x00000004   Data   RW         3849    .data               system_stm32f4xx.o
    0x20000068        -       0x00000014   Zero   RW           20    .bss                main.o
    0x2000007c        -       0x00000054   Zero   RW          274    .bss                i2c.o
    0x200000d0        -       0x00000058   Zero   RW          316    .bss                spi.o
    0x20000128        -       0x00000120   Zero   RW          362    .bss                tim.o
    0x20000248        -       0x00000104   Zero   RW          424    .bss                usart.o
    0x2000034c        -       0x00000480   Zero   RW         4025    .bss                oled.o
    0x200007cc        -       0x00000060   Zero   RW         4216    .bss                c_w.l(libspace.o)
    0x2000082c   0x080064b4   0x00000004   PAD
    0x20000830        -       0x00000200   Zero   RW            2    HEAP                startup_stm32f405xx.o
    0x20000a30        -       0x00000400   Zero   RW            1    STACK               startup_stm32f405xx.o


    Execution Region RW_IRAM2 (Exec base: 0x2001c000, Load base: 0x080064b4, Size: 0x00000000, Max: 0x00004000, ABSOLUTE)

    **** No section assigned to this execution region ****


==============================================================================

Image component sizes


      Code (inc. data)   RO Data    RW Data    ZI Data      Debug   Object Name

        60          4          0          0          0        818   dma.o
       272         18          0          0          0       1087   gpio.o
       172         28          0          0         84       1749   i2c.o
       224         12          0          0          0       4358   ina226.o
      1112        108          0         88         20     662008   main.o
       892         38       7696          0       1152       7654   oled.o
       192         22          0          0         88       1765   spi.o
        64         26        392          0       1536        860   startup_stm32f405xx.o
       180         28          0         12          0       9549   stm32f4xx_hal.o
       198         14          0          0          0      34055   stm32f4xx_hal_cortex.o
      1084         16          8          0          0       7510   stm32f4xx_hal_dma.o
       556         52          0          0          0       4231   stm32f4xx_hal_gpio.o
      2118         50          0          0          0      12782   stm32f4xx_hal_i2c.o
        48          6          0          0          0        890   stm32f4xx_hal_msp.o
      1344         72          0          0          0       5348   stm32f4xx_hal_rcc.o
      1088         18          0          0          0       6987   stm32f4xx_hal_spi.o
      2140        166          0          0          0      18039   stm32f4xx_hal_tim.o
       450         56          0          0          0       4872   stm32f4xx_hal_tim_ex.o
      2056         44          0          0          0      16975   stm32f4xx_hal_uart.o
       156         38          0          0          0       8878   stm32f4xx_it.o
        16          4         24          4          0       1183   system_stm32f4xx.o
       844         68          0          0        288       4823   tim.o
       284         28          0          0        260       1976   usart.o

    ----------------------------------------------------------------------
     15578        916       8152        104       3428     818397   Object Totals
         0          0         32          0          0          0   (incl. Generated)
        28          0          0          0          0          0   (incl. Padding)

    ----------------------------------------------------------------------

      Code (inc. data)   RO Data    RW Data    ZI Data      Debug   Library Member Name

         8          0          0          0          0         68   __main.o
         0          0          0          0          0          0   __rtentry.o
        12          0          0          0          0          0   __rtentry2.o
         6          0          0          0          0          0   __rtentry4.o
        52          8          0          0          0          0   __scatter.o
        26          0          0          0          0          0   __scatter_copy.o
        28          0          0          0          0          0   __scatter_zi.o
        18          0          0          0          0         80   exit.o
         6          0          0          0          0        152   heapauxi.o
         0          0          0          0          0          0   indicate_semi.o
         2          0          0          0          0          0   libinit.o
         6          0          0          0          0          0   libinit2.o
         2          0          0          0          0          0   libshutdown.o
         2          0          0          0          0          0   libshutdown2.o
         8          4          0          0         96         68   libspace.o
       238          0          0          0          0        100   lludivv7m.o
        78          0          0          0          0         80   rt_memclr_w.o
         2          0          0          0          0          0   rtexit.o
        10          0          0          0          0          0   rtexit2.o
        12          4          0          0          0         68   sys_exit.o
        74          0          0          0          0         80   sys_stackheap_outer.o
         2          0          0          0          0         68   use_no_semi.o
       804         16          0          0          0        368   daddsub_clz.o
        94          4          0          0          0        140   dfix.o
        46          0          0          0          0        116   dflt_clz.o
       156          4          0          0          0        140   dnaninf.o
        12          0          0          0          0        116   dretinf.o
        86          4          0          0          0        132   f2d.o
       140          4          0          0          0        132   fnaninf.o
        10          0          0          0          0        116   fpinit.o
         0          0          0          0          0          0   usenofp.o

    ----------------------------------------------------------------------
      1946         48          0          0        100       2024   Library Totals
         6          0          0          0          4          0   (incl. Padding)

    ----------------------------------------------------------------------

      Code (inc. data)   RO Data    RW Data    ZI Data      Debug   Library Name

       592         16          0          0         96        764   c_w.l
      1348         32          0          0          0       1260   fz_wm.l

    ----------------------------------------------------------------------
      1946         48          0          0        100       2024   Library Totals

    ----------------------------------------------------------------------

==============================================================================


      Code (inc. data)   RO Data    RW Data    ZI Data      Debug   

     17524        964       8152        104       3528     805061   Grand Totals
     17524        964       8152        104       3528     805061   ELF Image Totals
     17524        964       8152        104          0          0   ROM Totals

==============================================================================

    Total RO  Size (Code + RO Data)                25676 (  25.07kB)
    Total RW  Size (RW Data + ZI Data)              3632 (   3.55kB)
    Total ROM Size (Code + RO Data + RW Data)      25780 (  25.18kB)

==============================================================================

